
D:\AgentWorkspace\DSHW\adaptive-engineering-harness\tests\runtime\test_verify.py:115: ResourceWarning: unclosed file <_io.TextIOWrapper name='D:\\AgentWorkspace\\DSHW\\adaptive-engineering-harness\\tests\\fixtures\\tdd-neutral-src\\order_fixed.py' mode='r' encoding='utf-8'>
  fixed = open(os.path.join(NEUTRAL_SRC, "order_fixed.py"), encoding="utf-8").read()
ResourceWarning: Enable tracemalloc to get the object allocation traceback
D:\AgentWorkspace\DSHW\adaptive-engineering-harness\tests\runtime\test_verify.py:120: ResourceWarning: unclosed file <_io.BufferedReader name='C:\\Users\\Yimo\\AppData\\Local\\Temp\\aeh-ci-seed-p_a017z1\\src\\order.py'>
  before = hashlib.sha256(open(prod, "rb").read()).hexdigest()
ResourceWarning: Enable tracemalloc to get the object allocation traceback
D:\AgentWorkspace\DSHW\adaptive-engineering-harness\tests\runtime\test_verify.py:123: ResourceWarning: unclosed file <_io.BufferedReader name='C:\\Users\\Yimo\\AppData\\Local\\Temp\\aeh-ci-seed-p_a017z1\\src\\order.py'>
  after = hashlib.sha256(open(prod, "rb").read()).hexdigest()
ResourceWarning: Enable tracemalloc to get the object allocation traceback
test_base_preimage_accepts_safe_line_ending_materialization (test_ci_replay.TestCiReplay.test_base_preimage_accepts_safe_line_ending_materialization) ... ok
test_cli_emits_pass_and_external_report (test_ci_replay.TestCiReplay.test_cli_emits_pass_and_external_report) ... ok
test_committed_forged_output_hash_is_invalid (test_ci_replay.TestCiReplay.test_committed_forged_output_hash_is_invalid) ... ok
test_committed_path_escape_is_rejected_before_lock_replay (test_ci_replay.TestCiReplay.test_committed_path_escape_is_rejected_before_lock_replay) ... ok
test_committed_production_preimage_forgery_is_invalid (test_ci_replay.TestCiReplay.test_committed_production_preimage_forgery_is_invalid) ... ok
test_committed_runtime_tamper_is_invalid (test_ci_replay.TestCiReplay.test_committed_runtime_tamper_is_invalid) ... ok
test_committed_test_lock_tamper_is_invalid (test_ci_replay.TestCiReplay.test_committed_test_lock_tamper_is_invalid) ... ok
test_committed_traceability_forgery_is_invalid (test_ci_replay.TestCiReplay.test_committed_traceability_forgery_is_invalid) ... ok
test_dirty_or_untracked_checkout_is_invalid (test_ci_replay.TestCiReplay.test_dirty_or_untracked_checkout_is_invalid) ... ok
test_missing_protected_approval_key_fails_closed (test_ci_replay.TestCiReplay.test_missing_protected_approval_key_fails_closed) ... ok
test_pass_is_deterministic_schema_valid_and_zero_write (test_ci_replay.TestCiReplay.test_pass_is_deterministic_schema_valid_and_zero_write) ... ok
test_replay_never_invokes_project_execution (test_ci_replay.TestCiReplay.test_replay_never_invokes_project_execution) ... ok
test_report_output_must_be_outside_target (test_ci_replay.TestCiReplay.test_report_output_must_be_outside_target) ... ok
test_wrong_head_and_base_are_not_pass (test_ci_replay.TestCiReplay.test_wrong_head_and_base_are_not_pass) ... ok
test_wrong_repository_identity_is_invalid (test_ci_replay.TestCiReplay.test_wrong_repository_identity_is_invalid) ... ok

----------------------------------------------------------------------
Ran 15 tests in 41.086s

OK
