
test_cli_new_status_transition (test_change.TestCLI.test_cli_new_status_transition) ... D:\AgentWorkspace\DSHW\adaptive-engineering-harness\tests\runtime\test_change.py:184: ResourceWarning: unclosed file <_io.BufferedReader name='C:\\Users\\Yimo\\AppData\\Local\\Temp\\aeh-ch-target-5d2s1cha\\.aeh\\changes\\CHG-2026-0001\\change.yaml'>
  before = hashlib.sha256(open(os.path.join(target, ".aeh", "changes", cid, "change.yaml"), "rb").read()).hexdigest()
ResourceWarning: Enable tracemalloc to get the object allocation traceback
D:\AgentWorkspace\DSHW\adaptive-engineering-harness\tests\runtime\test_change.py:189: ResourceWarning: unclosed file <_io.BufferedReader name='C:\\Users\\Yimo\\AppData\\Local\\Temp\\aeh-ch-target-5d2s1cha\\.aeh\\changes\\CHG-2026-0001\\change.yaml'>
  after = hashlib.sha256(open(os.path.join(target, ".aeh", "changes", cid, "change.yaml"), "rb").read()).hexdigest()
ResourceWarning: Enable tracemalloc to get the object allocation traceback
ok
test_blocked_preflight_no_change (test_change.TestChangeCreate.test_blocked_preflight_no_change) ... ok
test_change_schema_pass (test_change.TestChangeCreate.test_change_schema_pass) ... D:\AgentWorkspace\DSHW\adaptive-engineering-harness\tests\runtime\test_change.py:97: ResourceWarning: unclosed file <_io.TextIOWrapper name='D:\\AgentWorkspace\\DSHW\\adaptive-engineering-harness\\schemas\\change.schema.json' mode='r' encoding='utf-8'>
  schema = yaml.safe_load(open(os.path.join(ROOT, "schemas", "change.schema.json"), encoding="utf-8"))
ResourceWarning: Enable tracemalloc to get the object allocation traceback
ok
test_create_healthy (test_change.TestChangeCreate.test_create_healthy) ... ok
test_id_allocation_no_overwrite (test_change.TestChangeCreate.test_id_allocation_no_overwrite) ... ok
test_no_global_current_change (test_change.TestChangeCreate.test_no_global_current_change) ... ok
test_warnings_inherited (test_change.TestChangeCreate.test_warnings_inherited) ... ok
test_all_eight_domains (test_change.TestClassification.test_all_eight_domains) ... ok
test_five_levels (test_change.TestClassification.test_five_levels) ... ok
test_hard_escalation_overrides_suggestion (test_change.TestClassification.test_hard_escalation_overrides_suggestion) ... ok
test_keyword_detection (test_change.TestClassification.test_keyword_detection) ... ok
test_reasons_evidence_saved (test_change.TestClassification.test_reasons_evidence_saved) ... ok
test_gate_unsatisfied_blocked (test_change.TestStateMachine.test_gate_unsatisfied_blocked) ... ok
test_illegal_transition_blocked (test_change.TestStateMachine.test_illegal_transition_blocked) ... ok
test_legal_transitions_direct (test_change.TestStateMachine.test_legal_transitions_direct) ... ok
test_per_change_state_independent (test_change.TestStateMachine.test_per_change_state_independent) ... ok
test_tampered_runtime_blocks_transition (test_change.TestStateMachine.test_tampered_runtime_blocks_transition) ... ok

----------------------------------------------------------------------
Ran 17 tests in 39.834s

OK
