
test_agent_machine_truth_writes_blocked_before_verify (test_verify.TestVerify.test_agent_machine_truth_writes_blocked_before_verify)
RUN-F055 regression: Controller truth cannot be laundered by overwrite. ... D:\AgentWorkspace\DSHW\adaptive-engineering-harness\tests\runtime\test_verify.py:115: ResourceWarning: unclosed file <_io.TextIOWrapper name='D:\\AgentWorkspace\\DSHW\\adaptive-engineering-harness\\tests\\fixtures\\tdd-neutral-src\\order_fixed.py' mode='r' encoding='utf-8'>
  fixed = open(os.path.join(NEUTRAL_SRC, "order_fixed.py"), encoding="utf-8").read()
ResourceWarning: Enable tracemalloc to get the object allocation traceback
D:\AgentWorkspace\DSHW\adaptive-engineering-harness\tests\runtime\test_verify.py:120: ResourceWarning: unclosed file <_io.BufferedReader name='C:\\Users\\Yimo\\AppData\\Local\\Temp\\aeh-g13-t-levk4az_\\src\\order.py'>
  before = hashlib.sha256(open(prod, "rb").read()).hexdigest()
ResourceWarning: Enable tracemalloc to get the object allocation traceback
D:\AgentWorkspace\DSHW\adaptive-engineering-harness\tests\runtime\test_verify.py:123: ResourceWarning: unclosed file <_io.BufferedReader name='C:\\Users\\Yimo\\AppData\\Local\\Temp\\aeh-g13-t-levk4az_\\src\\order.py'>
  after = hashlib.sha256(open(prod, "rb").read()).hexdigest()
ResourceWarning: Enable tracemalloc to get the object allocation traceback
ok
test_approval_cannot_override_technical_failure (test_verify.TestVerify.test_approval_cannot_override_technical_failure) ... D:\AgentWorkspace\DSHW\adaptive-engineering-harness\tests\runtime\test_verify.py:120: ResourceWarning: unclosed file <_io.BufferedReader name='C:\\Users\\Yimo\\AppData\\Local\\Temp\\aeh-g13-t-93u3snja\\src\\order.py'>
  before = hashlib.sha256(open(prod, "rb").read()).hexdigest()
ResourceWarning: Enable tracemalloc to get the object allocation traceback
D:\AgentWorkspace\DSHW\adaptive-engineering-harness\tests\runtime\test_verify.py:123: ResourceWarning: unclosed file <_io.BufferedReader name='C:\\Users\\Yimo\\AppData\\Local\\Temp\\aeh-g13-t-93u3snja\\src\\order.py'>
  after = hashlib.sha256(open(prod, "rb").read()).hexdigest()
ResourceWarning: Enable tracemalloc to get the object allocation traceback
ok
test_approval_input_validation (test_verify.TestVerify.test_approval_input_validation) ... D:\AgentWorkspace\DSHW\adaptive-engineering-harness\tests\runtime\test_verify.py:120: ResourceWarning: unclosed file <_io.BufferedReader name='C:\\Users\\Yimo\\AppData\\Local\\Temp\\aeh-g13-t-x4di4198\\src\\order.py'>
  before = hashlib.sha256(open(prod, "rb").read()).hexdigest()
ResourceWarning: Enable tracemalloc to get the object allocation traceback
D:\AgentWorkspace\DSHW\adaptive-engineering-harness\tests\runtime\test_verify.py:123: ResourceWarning: unclosed file <_io.BufferedReader name='C:\\Users\\Yimo\\AppData\\Local\\Temp\\aeh-g13-t-x4di4198\\src\\order.py'>
  after = hashlib.sha256(open(prod, "rb").read()).hexdigest()
ResourceWarning: Enable tracemalloc to get the object allocation traceback
D:\AgentWorkspace\DSHW\adaptive-engineering-harness\tests\runtime\test_verify.py:435: ResourceWarning: unclosed file <_io.TextIOWrapper name='C:\\Users\\Yimo\\AppData\\Local\\Temp\\aeh-g13-t-x4di4198\\.aeh\\changes\\CHG-2026-0001\\approvals.yaml' mode='r' encoding='utf-8'>
  body = yaml.safe_load(open(os.path.join(target, ".aeh", "changes", cid, "approvals.yaml"), encoding="utf-8"))
ResourceWarning: Enable tracemalloc to get the object allocation traceback
ok
test_cli_verify_approve (test_verify.TestVerify.test_cli_verify_approve) ... D:\AgentWorkspace\DSHW\adaptive-engineering-harness\tests\runtime\test_verify.py:118: ResourceWarning: unclosed file <_io.TextIOWrapper name='D:\\AgentWorkspace\\DSHW\\adaptive-engineering-harness\\tests\\fixtures\\tdd-src\\reward_fixed.py' mode='r' encoding='utf-8'>
  fixed = open(os.path.join(TDD_SRC, "reward_fixed.py"), encoding="utf-8").read()
ResourceWarning: Enable tracemalloc to get the object allocation traceback
D:\AgentWorkspace\DSHW\adaptive-engineering-harness\tests\runtime\test_verify.py:120: ResourceWarning: unclosed file <_io.BufferedReader name='C:\\Users\\Yimo\\AppData\\Local\\Temp\\aeh-g13-t-3i2b8r50\\src\\reward.py'>
  before = hashlib.sha256(open(prod, "rb").read()).hexdigest()
ResourceWarning: Enable tracemalloc to get the object allocation traceback
D:\AgentWorkspace\DSHW\adaptive-engineering-harness\tests\runtime\test_verify.py:123: ResourceWarning: unclosed file <_io.BufferedReader name='C:\\Users\\Yimo\\AppData\\Local\\Temp\\aeh-g13-t-3i2b8r50\\src\\reward.py'>
  after = hashlib.sha256(open(prod, "rb").read()).hexdigest()
ResourceWarning: Enable tracemalloc to get the object allocation traceback
ok
test_controller_approval_after_blocked_verify_reseals_and_retries (test_verify.TestVerify.test_controller_approval_after_blocked_verify_reseals_and_retries) ... D:\AgentWorkspace\DSHW\adaptive-engineering-harness\tests\runtime\test_verify.py:120: ResourceWarning: unclosed file <_io.BufferedReader name='C:\\Users\\Yimo\\AppData\\Local\\Temp\\aeh-g13-t-m5gaabyc\\src\\reward.py'>
  before = hashlib.sha256(open(prod, "rb").read()).hexdigest()
ResourceWarning: Enable tracemalloc to get the object allocation traceback
D:\AgentWorkspace\DSHW\adaptive-engineering-harness\tests\runtime\test_verify.py:123: ResourceWarning: unclosed file <_io.BufferedReader name='C:\\Users\\Yimo\\AppData\\Local\\Temp\\aeh-g13-t-m5gaabyc\\src\\reward.py'>
  after = hashlib.sha256(open(prod, "rb").read()).hexdigest()
ResourceWarning: Enable tracemalloc to get the object allocation traceback
ok
test_existing_machine_truth_tamper_blocked_before_verify (test_verify.TestVerify.test_existing_machine_truth_tamper_blocked_before_verify) ... D:\AgentWorkspace\DSHW\adaptive-engineering-harness\tests\runtime\test_verify.py:120: ResourceWarning: unclosed file <_io.BufferedReader name='C:\\Users\\Yimo\\AppData\\Local\\Temp\\aeh-g13-t-088wjqfm\\src\\order.py'>
  before = hashlib.sha256(open(prod, "rb").read()).hexdigest()
ResourceWarning: Enable tracemalloc to get the object allocation traceback
D:\AgentWorkspace\DSHW\adaptive-engineering-harness\tests\runtime\test_verify.py:123: ResourceWarning: unclosed file <_io.BufferedReader name='C:\\Users\\Yimo\\AppData\\Local\\Temp\\aeh-g13-t-088wjqfm\\src\\order.py'>
  after = hashlib.sha256(open(prod, "rb").read()).hexdigest()
ResourceWarning: Enable tracemalloc to get the object allocation traceback
D:\AgentWorkspace\DSHW\adaptive-engineering-harness\tests\runtime\test_verify.py:216: ResourceWarning: unclosed file <_io.TextIOWrapper name='C:\\Users\\Yimo\\AppData\\Local\\Temp\\aeh-g13-t-088wjqfm\\.aeh\\changes\\CHG-2026-0001\\change.yaml' mode='r' encoding='utf-8'>
  forged = yaml.safe_load(open(cpath, encoding="utf-8"))
ResourceWarning: Enable tracemalloc to get the object allocation traceback
ok
test_forged_approval_written_during_verify_is_not_resealed (test_verify.TestVerify.test_forged_approval_written_during_verify_is_not_resealed) ... D:\AgentWorkspace\DSHW\adaptive-engineering-harness\tests\runtime\test_verify.py:120: ResourceWarning: unclosed file <_io.BufferedReader name='C:\\Users\\Yimo\\AppData\\Local\\Temp\\aeh-g13-t-ylwkrxu7\\src\\reward.py'>
  before = hashlib.sha256(open(prod, "rb").read()).hexdigest()
ResourceWarning: Enable tracemalloc to get the object allocation traceback
D:\AgentWorkspace\DSHW\adaptive-engineering-harness\tests\runtime\test_verify.py:123: ResourceWarning: unclosed file <_io.BufferedReader name='C:\\Users\\Yimo\\AppData\\Local\\Temp\\aeh-g13-t-ylwkrxu7\\src\\reward.py'>
  after = hashlib.sha256(open(prod, "rb").read()).hexdigest()
ResourceWarning: Enable tracemalloc to get the object allocation traceback
ok
test_lock_tamper_blocked (test_verify.TestVerify.test_lock_tamper_blocked) ... D:\AgentWorkspace\DSHW\adaptive-engineering-harness\tests\runtime\test_verify.py:120: ResourceWarning: unclosed file <_io.BufferedReader name='C:\\Users\\Yimo\\AppData\\Local\\Temp\\aeh-g13-t-cr91wnhf\\src\\order.py'>
  before = hashlib.sha256(open(prod, "rb").read()).hexdigest()
ResourceWarning: Enable tracemalloc to get the object allocation traceback
D:\AgentWorkspace\DSHW\adaptive-engineering-harness\tests\runtime\test_verify.py:123: ResourceWarning: unclosed file <_io.BufferedReader name='C:\\Users\\Yimo\\AppData\\Local\\Temp\\aeh-g13-t-cr91wnhf\\src\\order.py'>
  after = hashlib.sha256(open(prod, "rb").read()).hexdigest()
ResourceWarning: Enable tracemalloc to get the object allocation traceback
ok
test_manual_pending_blocks (test_verify.TestVerify.test_manual_pending_blocks) ... D:\AgentWorkspace\DSHW\adaptive-engineering-harness\tests\runtime\test_verify.py:120: ResourceWarning: unclosed file <_io.BufferedReader name='C:\\Users\\Yimo\\AppData\\Local\\Temp\\aeh-g13-t-tnzp_vj1\\src\\order.py'>
  before = hashlib.sha256(open(prod, "rb").read()).hexdigest()
ResourceWarning: Enable tracemalloc to get the object allocation traceback
D:\AgentWorkspace\DSHW\adaptive-engineering-harness\tests\runtime\test_verify.py:123: ResourceWarning: unclosed file <_io.BufferedReader name='C:\\Users\\Yimo\\AppData\\Local\\Temp\\aeh-g13-t-tnzp_vj1\\src\\order.py'>
  after = hashlib.sha256(open(prod, "rb").read()).hexdigest()
ResourceWarning: Enable tracemalloc to get the object allocation traceback
ok
test_manual_pending_not_overridden_by_approval (test_verify.TestVerify.test_manual_pending_not_overridden_by_approval) ... D:\AgentWorkspace\DSHW\adaptive-engineering-harness\tests\runtime\test_verify.py:120: ResourceWarning: unclosed file <_io.BufferedReader name='C:\\Users\\Yimo\\AppData\\Local\\Temp\\aeh-g13-t-whvvpcp2\\src\\order.py'>
  before = hashlib.sha256(open(prod, "rb").read()).hexdigest()
ResourceWarning: Enable tracemalloc to get the object allocation traceback
D:\AgentWorkspace\DSHW\adaptive-engineering-harness\tests\runtime\test_verify.py:123: ResourceWarning: unclosed file <_io.BufferedReader name='C:\\Users\\Yimo\\AppData\\Local\\Temp\\aeh-g13-t-whvvpcp2\\src\\order.py'>
  after = hashlib.sha256(open(prod, "rb").read()).hexdigest()
ResourceWarning: Enable tracemalloc to get the object allocation traceback
D:\AgentWorkspace\DSHW\adaptive-engineering-harness\tests\runtime\test_verify.py:357: ResourceWarning: unclosed file <_io.TextIOWrapper name='C:\\Users\\Yimo\\AppData\\Local\\Temp\\aeh-g13-t-whvvpcp2\\.aeh\\changes\\CHG-2026-0001\\verification.yaml' mode='r' encoding='utf-8'>
  ver = yaml.safe_load(open(os.path.join(target, ".aeh", "changes", cid, "verification.yaml"), encoding="utf-8"))
ResourceWarning: Enable tracemalloc to get the object allocation traceback
ok
test_manual_verification_gate_is_a_human_gate (test_verify.TestVerify.test_manual_verification_gate_is_a_human_gate) ... D:\AgentWorkspace\DSHW\adaptive-engineering-harness\tests\runtime\test_verify.py:120: ResourceWarning: unclosed file <_io.BufferedReader name='C:\\Users\\Yimo\\AppData\\Local\\Temp\\aeh-g13-t-yglxfc1r\\src\\order.py'>
  before = hashlib.sha256(open(prod, "rb").read()).hexdigest()
ResourceWarning: Enable tracemalloc to get the object allocation traceback
D:\AgentWorkspace\DSHW\adaptive-engineering-harness\tests\runtime\test_verify.py:123: ResourceWarning: unclosed file <_io.BufferedReader name='C:\\Users\\Yimo\\AppData\\Local\\Temp\\aeh-g13-t-yglxfc1r\\src\\order.py'>
  after = hashlib.sha256(open(prod, "rb").read()).hexdigest()
ResourceWarning: Enable tracemalloc to get the object allocation traceback
ok
test_merge_rejected_blocks_any_level (test_verify.TestVerify.test_merge_rejected_blocks_any_level) ... D:\AgentWorkspace\DSHW\adaptive-engineering-harness\tests\runtime\test_verify.py:120: ResourceWarning: unclosed file <_io.BufferedReader name='C:\\Users\\Yimo\\AppData\\Local\\Temp\\aeh-g13-t-fxapp7v5\\src\\order.py'>
  before = hashlib.sha256(open(prod, "rb").read()).hexdigest()
ResourceWarning: Enable tracemalloc to get the object allocation traceback
D:\AgentWorkspace\DSHW\adaptive-engineering-harness\tests\runtime\test_verify.py:123: ResourceWarning: unclosed file <_io.BufferedReader name='C:\\Users\\Yimo\\AppData\\Local\\Temp\\aeh-g13-t-fxapp7v5\\src\\order.py'>
  after = hashlib.sha256(open(prod, "rb").read()).hexdigest()
ResourceWarning: Enable tracemalloc to get the object allocation traceback
ok
test_parallel_changes_isolated (test_verify.TestVerify.test_parallel_changes_isolated) ... D:\AgentWorkspace\DSHW\adaptive-engineering-harness\tests\runtime\test_verify.py:120: ResourceWarning: unclosed file <_io.BufferedReader name='C:\\Users\\Yimo\\AppData\\Local\\Temp\\aeh-g13-t-e4jpy9f0\\src\\order.py'>
  before = hashlib.sha256(open(prod, "rb").read()).hexdigest()
ResourceWarning: Enable tracemalloc to get the object allocation traceback
D:\AgentWorkspace\DSHW\adaptive-engineering-harness\tests\runtime\test_verify.py:123: ResourceWarning: unclosed file <_io.BufferedReader name='C:\\Users\\Yimo\\AppData\\Local\\Temp\\aeh-g13-t-e4jpy9f0\\src\\order.py'>
  after = hashlib.sha256(open(prod, "rb").read()).hexdigest()
ResourceWarning: Enable tracemalloc to get the object allocation traceback
ok
test_review_projection (test_verify.TestVerify.test_review_projection) ... D:\AgentWorkspace\DSHW\adaptive-engineering-harness\tests\runtime\test_verify.py:120: ResourceWarning: unclosed file <_io.BufferedReader name='C:\\Users\\Yimo\\AppData\\Local\\Temp\\aeh-g13-t-na_w3unz\\src\\order.py'>
  before = hashlib.sha256(open(prod, "rb").read()).hexdigest()
ResourceWarning: Enable tracemalloc to get the object allocation traceback
D:\AgentWorkspace\DSHW\adaptive-engineering-harness\tests\runtime\test_verify.py:123: ResourceWarning: unclosed file <_io.BufferedReader name='C:\\Users\\Yimo\\AppData\\Local\\Temp\\aeh-g13-t-na_w3unz\\src\\order.py'>
  after = hashlib.sha256(open(prod, "rb").read()).hexdigest()
ResourceWarning: Enable tracemalloc to get the object allocation traceback
ok
test_runtime_tamper_blocked (test_verify.TestVerify.test_runtime_tamper_blocked) ... D:\AgentWorkspace\DSHW\adaptive-engineering-harness\tests\runtime\test_verify.py:120: ResourceWarning: unclosed file <_io.BufferedReader name='C:\\Users\\Yimo\\AppData\\Local\\Temp\\aeh-g13-t-u64gw3is\\src\\order.py'>
  before = hashlib.sha256(open(prod, "rb").read()).hexdigest()
ResourceWarning: Enable tracemalloc to get the object allocation traceback
D:\AgentWorkspace\DSHW\adaptive-engineering-harness\tests\runtime\test_verify.py:123: ResourceWarning: unclosed file <_io.BufferedReader name='C:\\Users\\Yimo\\AppData\\Local\\Temp\\aeh-g13-t-u64gw3is\\src\\order.py'>
  after = hashlib.sha256(open(prod, "rb").read()).hexdigest()
ResourceWarning: Enable tracemalloc to get the object allocation traceback
ok
test_schema_valid_forged_human_approval_blocked_by_provenance (test_verify.TestVerify.test_schema_valid_forged_human_approval_blocked_by_provenance) ... D:\AgentWorkspace\DSHW\adaptive-engineering-harness\tests\runtime\test_verify.py:120: ResourceWarning: unclosed file <_io.BufferedReader name='C:\\Users\\Yimo\\AppData\\Local\\Temp\\aeh-g13-t-4rn69vga\\src\\order.py'>
  before = hashlib.sha256(open(prod, "rb").read()).hexdigest()
ResourceWarning: Enable tracemalloc to get the object allocation traceback
D:\AgentWorkspace\DSHW\adaptive-engineering-harness\tests\runtime\test_verify.py:123: ResourceWarning: unclosed file <_io.BufferedReader name='C:\\Users\\Yimo\\AppData\\Local\\Temp\\aeh-g13-t-4rn69vga\\src\\order.py'>
  after = hashlib.sha256(open(prod, "rb").read()).hexdigest()
ResourceWarning: Enable tracemalloc to get the object allocation traceback
ok
test_stale_context_blocked (test_verify.TestVerify.test_stale_context_blocked) ... D:\AgentWorkspace\DSHW\adaptive-engineering-harness\tests\runtime\test_verify.py:120: ResourceWarning: unclosed file <_io.BufferedReader name='C:\\Users\\Yimo\\AppData\\Local\\Temp\\aeh-g13-t-hq6lglms\\src\\order.py'>
  before = hashlib.sha256(open(prod, "rb").read()).hexdigest()
ResourceWarning: Enable tracemalloc to get the object allocation traceback
D:\AgentWorkspace\DSHW\adaptive-engineering-harness\tests\runtime\test_verify.py:123: ResourceWarning: unclosed file <_io.BufferedReader name='C:\\Users\\Yimo\\AppData\\Local\\Temp\\aeh-g13-t-hq6lglms\\src\\order.py'>
  after = hashlib.sha256(open(prod, "rb").read()).hexdigest()
ResourceWarning: Enable tracemalloc to get the object allocation traceback
ok
test_system_fabricated_approval_blocked (test_verify.TestVerify.test_system_fabricated_approval_blocked) ... D:\AgentWorkspace\DSHW\adaptive-engineering-harness\tests\runtime\test_verify.py:120: ResourceWarning: unclosed file <_io.BufferedReader name='C:\\Users\\Yimo\\AppData\\Local\\Temp\\aeh-g13-t-lvkt4z4_\\src\\order.py'>
  before = hashlib.sha256(open(prod, "rb").read()).hexdigest()
ResourceWarning: Enable tracemalloc to get the object allocation traceback
D:\AgentWorkspace\DSHW\adaptive-engineering-harness\tests\runtime\test_verify.py:123: ResourceWarning: unclosed file <_io.BufferedReader name='C:\\Users\\Yimo\\AppData\\Local\\Temp\\aeh-g13-t-lvkt4z4_\\src\\order.py'>
  after = hashlib.sha256(open(prod, "rb").read()).hexdigest()
ResourceWarning: Enable tracemalloc to get the object allocation traceback
ok
test_test_plan_tamper_blocked_before_traceability (test_verify.TestVerify.test_test_plan_tamper_blocked_before_traceability) ... D:\AgentWorkspace\DSHW\adaptive-engineering-harness\tests\runtime\test_verify.py:120: ResourceWarning: unclosed file <_io.BufferedReader name='C:\\Users\\Yimo\\AppData\\Local\\Temp\\aeh-g13-t-u33g5fmm\\src\\order.py'>
  before = hashlib.sha256(open(prod, "rb").read()).hexdigest()
ResourceWarning: Enable tracemalloc to get the object allocation traceback
D:\AgentWorkspace\DSHW\adaptive-engineering-harness\tests\runtime\test_verify.py:123: ResourceWarning: unclosed file <_io.BufferedReader name='C:\\Users\\Yimo\\AppData\\Local\\Temp\\aeh-g13-t-u33g5fmm\\src\\order.py'>
  after = hashlib.sha256(open(prod, "rb").read()).hexdigest()
ResourceWarning: Enable tracemalloc to get the object allocation traceback
D:\AgentWorkspace\DSHW\adaptive-engineering-harness\tests\runtime\test_verify.py:406: ResourceWarning: unclosed file <_io.TextIOWrapper name='C:\\Users\\Yimo\\AppData\\Local\\Temp\\aeh-g13-t-u33g5fmm\\.aeh\\changes\\CHG-2026-0001\\test-plan.yaml' mode='r' encoding='utf-8'>
  plan = yaml.safe_load(open(plan_path, encoding="utf-8"))
ResourceWarning: Enable tracemalloc to get the object allocation traceback
ok
test_traceability_orphan_code_blocked (test_verify.TestVerify.test_traceability_orphan_code_blocked) ... D:\AgentWorkspace\DSHW\adaptive-engineering-harness\tests\runtime\test_verify.py:120: ResourceWarning: unclosed file <_io.BufferedReader name='C:\\Users\\Yimo\\AppData\\Local\\Temp\\aeh-g13-t-kcb31r0h\\src\\order.py'>
  before = hashlib.sha256(open(prod, "rb").read()).hexdigest()
ResourceWarning: Enable tracemalloc to get the object allocation traceback
D:\AgentWorkspace\DSHW\adaptive-engineering-harness\tests\runtime\test_verify.py:123: ResourceWarning: unclosed file <_io.BufferedReader name='C:\\Users\\Yimo\\AppData\\Local\\Temp\\aeh-g13-t-kcb31r0h\\src\\order.py'>
  after = hashlib.sha256(open(prod, "rb").read()).hexdigest()
ResourceWarning: Enable tracemalloc to get the object allocation traceback
ok
test_verify_critical_insufficient_plan (test_verify.TestVerify.test_verify_critical_insufficient_plan) ... ok
test_verify_critical_requires_merge_approval (test_verify.TestVerify.test_verify_critical_requires_merge_approval) ... D:\AgentWorkspace\DSHW\adaptive-engineering-harness\tests\runtime\test_verify.py:120: ResourceWarning: unclosed file <_io.BufferedReader name='C:\\Users\\Yimo\\AppData\\Local\\Temp\\aeh-g13-t-a5qg3hr8\\src\\reward.py'>
  before = hashlib.sha256(open(prod, "rb").read()).hexdigest()
ResourceWarning: Enable tracemalloc to get the object allocation traceback
D:\AgentWorkspace\DSHW\adaptive-engineering-harness\tests\runtime\test_verify.py:123: ResourceWarning: unclosed file <_io.BufferedReader name='C:\\Users\\Yimo\\AppData\\Local\\Temp\\aeh-g13-t-a5qg3hr8\\src\\reward.py'>
  after = hashlib.sha256(open(prod, "rb").read()).hexdigest()
ResourceWarning: Enable tracemalloc to get the object allocation traceback
ok
test_verify_critical_with_approval_ready (test_verify.TestVerify.test_verify_critical_with_approval_ready) ... D:\AgentWorkspace\DSHW\adaptive-engineering-harness\tests\runtime\test_verify.py:120: ResourceWarning: unclosed file <_io.BufferedReader name='C:\\Users\\Yimo\\AppData\\Local\\Temp\\aeh-g13-t-fsqtpz55\\src\\reward.py'>
  before = hashlib.sha256(open(prod, "rb").read()).hexdigest()
ResourceWarning: Enable tracemalloc to get the object allocation traceback
D:\AgentWorkspace\DSHW\adaptive-engineering-harness\tests\runtime\test_verify.py:123: ResourceWarning: unclosed file <_io.BufferedReader name='C:\\Users\\Yimo\\AppData\\Local\\Temp\\aeh-g13-t-fsqtpz55\\src\\reward.py'>
  after = hashlib.sha256(open(prod, "rb").read()).hexdigest()
ResourceWarning: Enable tracemalloc to get the object allocation traceback
ok
test_verify_idempotent (test_verify.TestVerify.test_verify_idempotent) ... D:\AgentWorkspace\DSHW\adaptive-engineering-harness\tests\runtime\test_verify.py:120: ResourceWarning: unclosed file <_io.BufferedReader name='C:\\Users\\Yimo\\AppData\\Local\\Temp\\aeh-g13-t-4igmqoma\\src\\order.py'>
  before = hashlib.sha256(open(prod, "rb").read()).hexdigest()
ResourceWarning: Enable tracemalloc to get the object allocation traceback
D:\AgentWorkspace\DSHW\adaptive-engineering-harness\tests\runtime\test_verify.py:123: ResourceWarning: unclosed file <_io.BufferedReader name='C:\\Users\\Yimo\\AppData\\Local\\Temp\\aeh-g13-t-4igmqoma\\src\\order.py'>
  after = hashlib.sha256(open(prod, "rb").read()).hexdigest()
ResourceWarning: Enable tracemalloc to get the object allocation traceback
ok
test_verify_lightweight_flow (test_verify.TestVerify.test_verify_lightweight_flow) ... D:\AgentWorkspace\DSHW\adaptive-engineering-harness\tests\runtime\test_verify.py:120: ResourceWarning: unclosed file <_io.BufferedReader name='C:\\Users\\Yimo\\AppData\\Local\\Temp\\aeh-g13-t-iw41wj2d\\src\\order.py'>
  before = hashlib.sha256(open(prod, "rb").read()).hexdigest()
ResourceWarning: Enable tracemalloc to get the object allocation traceback
D:\AgentWorkspace\DSHW\adaptive-engineering-harness\tests\runtime\test_verify.py:123: ResourceWarning: unclosed file <_io.BufferedReader name='C:\\Users\\Yimo\\AppData\\Local\\Temp\\aeh-g13-t-iw41wj2d\\src\\order.py'>
  after = hashlib.sha256(open(prod, "rb").read()).hexdigest()
ResourceWarning: Enable tracemalloc to get the object allocation traceback
ok
test_verify_regression_and_declared_entries (test_verify.TestVerify.test_verify_regression_and_declared_entries) ... D:\AgentWorkspace\DSHW\adaptive-engineering-harness\tests\runtime\test_verify.py:120: ResourceWarning: unclosed file <_io.BufferedReader name='C:\\Users\\Yimo\\AppData\\Local\\Temp\\aeh-g13-t-e5spidwg\\src\\order.py'>
  before = hashlib.sha256(open(prod, "rb").read()).hexdigest()
ResourceWarning: Enable tracemalloc to get the object allocation traceback
D:\AgentWorkspace\DSHW\adaptive-engineering-harness\tests\runtime\test_verify.py:123: ResourceWarning: unclosed file <_io.BufferedReader name='C:\\Users\\Yimo\\AppData\\Local\\Temp\\aeh-g13-t-e5spidwg\\src\\order.py'>
  after = hashlib.sha256(open(prod, "rb").read()).hexdigest()
ResourceWarning: Enable tracemalloc to get the object allocation traceback
D:\AgentWorkspace\DSHW\adaptive-engineering-harness\tests\runtime\test_verify.py:269: ResourceWarning: unclosed file <_io.TextIOWrapper name='C:\\Users\\Yimo\\AppData\\Local\\Temp\\aeh-g13-t-e5spidwg\\.aeh\\changes\\CHG-2026-0001\\verification.yaml' mode='r' encoding='utf-8'>
  ver = yaml.safe_load(open(os.path.join(target, ".aeh", "changes", cid, "verification.yaml"), encoding="utf-8"))
ResourceWarning: Enable tracemalloc to get the object allocation traceback
ok
test_verify_standard_flow (test_verify.TestVerify.test_verify_standard_flow) ... D:\AgentWorkspace\DSHW\adaptive-engineering-harness\tests\runtime\test_verify.py:120: ResourceWarning: unclosed file <_io.BufferedReader name='C:\\Users\\Yimo\\AppData\\Local\\Temp\\aeh-g13-t-u40ll0dc\\src\\order.py'>
  before = hashlib.sha256(open(prod, "rb").read()).hexdigest()
ResourceWarning: Enable tracemalloc to get the object allocation traceback
D:\AgentWorkspace\DSHW\adaptive-engineering-harness\tests\runtime\test_verify.py:123: ResourceWarning: unclosed file <_io.BufferedReader name='C:\\Users\\Yimo\\AppData\\Local\\Temp\\aeh-g13-t-u40ll0dc\\src\\order.py'>
  after = hashlib.sha256(open(prod, "rb").read()).hexdigest()
ResourceWarning: Enable tracemalloc to get the object allocation traceback
D:\AgentWorkspace\DSHW\adaptive-engineering-harness\tests\runtime\test_verify.py:168: ResourceWarning: unclosed file <_io.TextIOWrapper name='C:\\Users\\Yimo\\AppData\\Local\\Temp\\aeh-g13-t-u40ll0dc\\.aeh\\changes\\CHG-2026-0001\\verification.yaml' mode='r' encoding='utf-8'>
  ver = yaml.safe_load(open(os.path.join(cdir, "verification.yaml"), encoding="utf-8"))
ResourceWarning: Enable tracemalloc to get the object allocation traceback
D:\AgentWorkspace\DSHW\adaptive-engineering-harness\tests\runtime\test_verify.py:173: ResourceWarning: unclosed file <_io.TextIOWrapper name='C:\\Users\\Yimo\\AppData\\Local\\Temp\\aeh-g13-t-u40ll0dc\\.aeh\\changes\\CHG-2026-0001\\traceability.yaml' mode='r' encoding='utf-8'>
  tr = yaml.safe_load(open(os.path.join(cdir, "traceability.yaml"), encoding="utf-8"))
ResourceWarning: Enable tracemalloc to get the object allocation traceback
ok

----------------------------------------------------------------------
Ran 27 tests in 176.288s

OK
