
test_cwd_escape_rejected (test_green.TestGreen.test_cwd_escape_rejected) ... ok
test_green_full_flow (test_green.TestGreen.test_green_full_flow) ... D:\AgentWorkspace\DSHW\adaptive-engineering-harness\tests\runtime\test_green.py:88: ResourceWarning: unclosed file <_io.TextIOWrapper name='D:\\AgentWorkspace\\DSHW\\adaptive-engineering-harness\\tests\\fixtures\\tdd-src\\reward_fixed.py' mode='r' encoding='utf-8'>
  fixed = open(os.path.join(TDD_SRC, "reward_fixed.py"), encoding="utf-8").read()
ResourceWarning: Enable tracemalloc to get the object allocation traceback
D:\AgentWorkspace\DSHW\adaptive-engineering-harness\tests\runtime\test_green.py:89: ResourceWarning: unclosed file <_io.BufferedReader name='C:\\Users\\Yimo\\AppData\\Local\\Temp\\aeh-g12-t-xeociwdi\\src\\reward.py'>
  before = hashlib.sha256(open(os.path.join(target, "src", "reward.py"), "rb").read()).hexdigest()
ResourceWarning: Enable tracemalloc to get the object allocation traceback
D:\AgentWorkspace\DSHW\adaptive-engineering-harness\tests\runtime\test_green.py:92: ResourceWarning: unclosed file <_io.BufferedReader name='C:\\Users\\Yimo\\AppData\\Local\\Temp\\aeh-g12-t-xeociwdi\\src\\reward.py'>
  after = hashlib.sha256(open(os.path.join(target, "src", "reward.py"), "rb").read()).hexdigest()
ResourceWarning: Enable tracemalloc to get the object allocation traceback
D:\AgentWorkspace\DSHW\adaptive-engineering-harness\tests\runtime\test_green.py:119: ResourceWarning: unclosed file <_io.TextIOWrapper name='C:\\Users\\Yimo\\AppData\\Local\\Temp\\aeh-g12-t-xeociwdi\\.aeh\\changes\\CHG-2026-0001\\green.yaml' mode='r' encoding='utf-8'>
  ev = yaml.safe_load(open(os.path.join(target, ".aeh", "changes", cid, "green.yaml"), encoding="utf-8"))
ResourceWarning: Enable tracemalloc to get the object allocation traceback
ok
test_machine_truth_write_during_green_test_is_not_resealed (test_green.TestGreen.test_machine_truth_write_during_green_test_is_not_resealed) ... ok
test_own_mutation_not_stale (test_green.TestGreen.test_own_mutation_not_stale) ... D:\AgentWorkspace\DSHW\adaptive-engineering-harness\tests\runtime\test_green.py:89: ResourceWarning: unclosed file <_io.BufferedReader name='C:\\Users\\Yimo\\AppData\\Local\\Temp\\aeh-g12-t-lrkuhx7a\\src\\reward.py'>
  before = hashlib.sha256(open(os.path.join(target, "src", "reward.py"), "rb").read()).hexdigest()
ResourceWarning: Enable tracemalloc to get the object allocation traceback
D:\AgentWorkspace\DSHW\adaptive-engineering-harness\tests\runtime\test_green.py:92: ResourceWarning: unclosed file <_io.BufferedReader name='C:\\Users\\Yimo\\AppData\\Local\\Temp\\aeh-g12-t-lrkuhx7a\\src\\reward.py'>
  after = hashlib.sha256(open(os.path.join(target, "src", "reward.py"), "rb").read()).hexdigest()
ResourceWarning: Enable tracemalloc to get the object allocation traceback
ok
test_parallel_changes_isolated (test_green.TestGreen.test_parallel_changes_isolated) ... D:\AgentWorkspace\DSHW\adaptive-engineering-harness\tests\runtime\test_green.py:89: ResourceWarning: unclosed file <_io.BufferedReader name='C:\\Users\\Yimo\\AppData\\Local\\Temp\\aeh-g12-t-fjlp9bpv\\src\\reward.py'>
  before = hashlib.sha256(open(os.path.join(target, "src", "reward.py"), "rb").read()).hexdigest()
ResourceWarning: Enable tracemalloc to get the object allocation traceback
D:\AgentWorkspace\DSHW\adaptive-engineering-harness\tests\runtime\test_green.py:92: ResourceWarning: unclosed file <_io.BufferedReader name='C:\\Users\\Yimo\\AppData\\Local\\Temp\\aeh-g12-t-fjlp9bpv\\src\\reward.py'>
  after = hashlib.sha256(open(os.path.join(target, "src", "reward.py"), "rb").read()).hexdigest()
ResourceWarning: Enable tracemalloc to get the object allocation traceback
ok
test_precondition_blocked_without_lock (test_green.TestGreen.test_precondition_blocked_without_lock) ... ok
test_red_green_pairing (test_green.TestGreen.test_red_green_pairing) ... D:\AgentWorkspace\DSHW\adaptive-engineering-harness\tests\runtime\test_green.py:89: ResourceWarning: unclosed file <_io.BufferedReader name='C:\\Users\\Yimo\\AppData\\Local\\Temp\\aeh-g12-t-ingk7sv8\\src\\reward.py'>
  before = hashlib.sha256(open(os.path.join(target, "src", "reward.py"), "rb").read()).hexdigest()
ResourceWarning: Enable tracemalloc to get the object allocation traceback
D:\AgentWorkspace\DSHW\adaptive-engineering-harness\tests\runtime\test_green.py:92: ResourceWarning: unclosed file <_io.BufferedReader name='C:\\Users\\Yimo\\AppData\\Local\\Temp\\aeh-g12-t-ingk7sv8\\src\\reward.py'>
  after = hashlib.sha256(open(os.path.join(target, "src", "reward.py"), "rb").read()).hexdigest()
ResourceWarning: Enable tracemalloc to get the object allocation traceback
D:\AgentWorkspace\DSHW\adaptive-engineering-harness\tests\runtime\test_green.py:220: ResourceWarning: unclosed file <_io.TextIOWrapper name='C:\\Users\\Yimo\\AppData\\Local\\Temp\\aeh-g12-t-ingk7sv8\\.aeh\\changes\\CHG-2026-0001\\green.yaml' mode='r' encoding='utf-8'>
  ev = yaml.safe_load(open(os.path.join(target, ".aeh", "changes", cid, "green.yaml"), encoding="utf-8"))
ResourceWarning: Enable tracemalloc to get the object allocation traceback
ok
test_refactor_flow (test_green.TestGreen.test_refactor_flow) ... D:\AgentWorkspace\DSHW\adaptive-engineering-harness\tests\runtime\test_green.py:89: ResourceWarning: unclosed file <_io.BufferedReader name='C:\\Users\\Yimo\\AppData\\Local\\Temp\\aeh-g12-t-wgeu1can\\src\\reward.py'>
  before = hashlib.sha256(open(os.path.join(target, "src", "reward.py"), "rb").read()).hexdigest()
ResourceWarning: Enable tracemalloc to get the object allocation traceback
D:\AgentWorkspace\DSHW\adaptive-engineering-harness\tests\runtime\test_green.py:92: ResourceWarning: unclosed file <_io.BufferedReader name='C:\\Users\\Yimo\\AppData\\Local\\Temp\\aeh-g12-t-wgeu1can\\src\\reward.py'>
  after = hashlib.sha256(open(os.path.join(target, "src", "reward.py"), "rb").read()).hexdigest()
ResourceWarning: Enable tracemalloc to get the object allocation traceback
D:\AgentWorkspace\DSHW\adaptive-engineering-harness\tests\runtime\test_green.py:261: ResourceWarning: unclosed file <_io.BufferedReader name='C:\\Users\\Yimo\\AppData\\Local\\Temp\\aeh-g12-t-wgeu1can\\src\\reward.py'>
  b2 = hashlib.sha256(open(os.path.join(target, "src", "reward.py"), "rb").read()).hexdigest()
ResourceWarning: Enable tracemalloc to get the object allocation traceback
D:\AgentWorkspace\DSHW\adaptive-engineering-harness\tests\runtime\test_green.py:264: ResourceWarning: unclosed file <_io.BufferedReader name='C:\\Users\\Yimo\\AppData\\Local\\Temp\\aeh-g12-t-wgeu1can\\src\\reward.py'>
  a2 = hashlib.sha256(open(os.path.join(target, "src", "reward.py"), "rb").read()).hexdigest()
ResourceWarning: Enable tracemalloc to get the object allocation traceback
ok
test_refactor_unreachable_before_green (test_green.TestGreen.test_refactor_unreachable_before_green) ... ok
test_run_f055_machine_truth_writes_blocked_before_green (test_green.TestGreen.test_run_f055_machine_truth_writes_blocked_before_green) ... D:\AgentWorkspace\DSHW\adaptive-engineering-harness\tests\runtime\test_green.py:89: ResourceWarning: unclosed file <_io.BufferedReader name='C:\\Users\\Yimo\\AppData\\Local\\Temp\\aeh-g12-t-220y8t1t\\src\\reward.py'>
  before = hashlib.sha256(open(os.path.join(target, "src", "reward.py"), "rb").read()).hexdigest()
ResourceWarning: Enable tracemalloc to get the object allocation traceback
D:\AgentWorkspace\DSHW\adaptive-engineering-harness\tests\runtime\test_green.py:92: ResourceWarning: unclosed file <_io.BufferedReader name='C:\\Users\\Yimo\\AppData\\Local\\Temp\\aeh-g12-t-220y8t1t\\src\\reward.py'>
  after = hashlib.sha256(open(os.path.join(target, "src", "reward.py"), "rb").read()).hexdigest()
ResourceWarning: Enable tracemalloc to get the object allocation traceback
ok
test_runtime_tamper_blocked (test_green.TestGreen.test_runtime_tamper_blocked) ... ok
test_scope_violation (test_green.TestGreen.test_scope_violation) ... D:\AgentWorkspace\DSHW\adaptive-engineering-harness\tests\runtime\test_green.py:89: ResourceWarning: unclosed file <_io.BufferedReader name='C:\\Users\\Yimo\\AppData\\Local\\Temp\\aeh-g12-t-j4ekzh0q\\src\\reward.py'>
  before = hashlib.sha256(open(os.path.join(target, "src", "reward.py"), "rb").read()).hexdigest()
ResourceWarning: Enable tracemalloc to get the object allocation traceback
D:\AgentWorkspace\DSHW\adaptive-engineering-harness\tests\runtime\test_green.py:92: ResourceWarning: unclosed file <_io.BufferedReader name='C:\\Users\\Yimo\\AppData\\Local\\Temp\\aeh-g12-t-j4ekzh0q\\src\\reward.py'>
  after = hashlib.sha256(open(os.path.join(target, "src", "reward.py"), "rb").read()).hexdigest()
ResourceWarning: Enable tracemalloc to get the object allocation traceback
ok
test_spec_changed_blocked (test_green.TestGreen.test_spec_changed_blocked) ... ok
test_stale_external_mutation (test_green.TestGreen.test_stale_external_mutation) ... D:\AgentWorkspace\DSHW\adaptive-engineering-harness\tests\runtime\test_green.py:89: ResourceWarning: unclosed file <_io.BufferedReader name='C:\\Users\\Yimo\\AppData\\Local\\Temp\\aeh-g12-t-stvdvhum\\src\\reward.py'>
  before = hashlib.sha256(open(os.path.join(target, "src", "reward.py"), "rb").read()).hexdigest()
ResourceWarning: Enable tracemalloc to get the object allocation traceback
D:\AgentWorkspace\DSHW\adaptive-engineering-harness\tests\runtime\test_green.py:92: ResourceWarning: unclosed file <_io.BufferedReader name='C:\\Users\\Yimo\\AppData\\Local\\Temp\\aeh-g12-t-stvdvhum\\src\\reward.py'>
  after = hashlib.sha256(open(os.path.join(target, "src", "reward.py"), "rb").read()).hexdigest()
ResourceWarning: Enable tracemalloc to get the object allocation traceback
ok
test_test_changed_blocked (test_green.TestGreen.test_test_changed_blocked) ... D:\AgentWorkspace\DSHW\adaptive-engineering-harness\tests\runtime\test_green.py:89: ResourceWarning: unclosed file <_io.BufferedReader name='C:\\Users\\Yimo\\AppData\\Local\\Temp\\aeh-g12-t-010rs6c3\\src\\reward.py'>
  before = hashlib.sha256(open(os.path.join(target, "src", "reward.py"), "rb").read()).hexdigest()
ResourceWarning: Enable tracemalloc to get the object allocation traceback
D:\AgentWorkspace\DSHW\adaptive-engineering-harness\tests\runtime\test_green.py:92: ResourceWarning: unclosed file <_io.BufferedReader name='C:\\Users\\Yimo\\AppData\\Local\\Temp\\aeh-g12-t-010rs6c3\\src\\reward.py'>
  after = hashlib.sha256(open(os.path.join(target, "src", "reward.py"), "rb").read()).hexdigest()
ResourceWarning: Enable tracemalloc to get the object allocation traceback
ok
test_timeout_enforced (test_green.TestGreen.test_timeout_enforced) ... ok

----------------------------------------------------------------------
Ran 16 tests in 77.938s

OK
