
test_empty_repo_is_unknown_not_guessed (test_discovery.TestDiscovery.test_empty_repo_is_unknown_not_guessed) ... ok
test_fact_model_invariants (test_discovery.TestDiscovery.test_fact_model_invariants) ... ok
test_minimal_node_detections (test_discovery.TestDiscovery.test_minimal_node_detections) ... ok
test_minimal_py_detections (test_discovery.TestDiscovery.test_minimal_py_detections) ... ok
test_minimal_py_unknowns (test_discovery.TestDiscovery.test_minimal_py_unknowns) ... ok
test_output_validates_against_schema (test_discovery.TestDiscovery.test_output_validates_against_schema) ... ok
test_scan_is_deterministic (test_discovery.TestDiscovery.test_scan_is_deterministic) ... ok
test_rules_and_scanner_zero_project_hardcode (test_discovery.TestZeroHardcode.test_rules_and_scanner_zero_project_hardcode) ... ok
test_content_evidence_has_no_raw_content (test_hardening.TestContentEvidenceMinimal.test_content_evidence_has_no_raw_content) ... ok
test_content_marker_skips_binary_file (test_hardening.TestContentEvidenceMinimal.test_content_marker_skips_binary_file) ... ok
test_oversized_file_skipped_with_tiny_limit (test_hardening.TestContentEvidenceMinimal.test_oversized_file_skipped_with_tiny_limit) ... ok
test_resolve_within_accepts_legit_path (test_hardening.TestPathEscape.test_resolve_within_accepts_legit_path) ... ok
test_resolve_within_rejects_absolute (test_hardening.TestPathEscape.test_resolve_within_rejects_absolute) ... ok
test_resolve_within_rejects_parent_traversal (test_hardening.TestPathEscape.test_resolve_within_rejects_parent_traversal) ... ok
test_rule_schema_rejects_escape_path (test_hardening.TestPathEscape.test_rule_schema_rejects_escape_path) ... ok
test_scanner_rejects_invalid_rule_file (test_hardening.TestPathEscape.test_scanner_rejects_invalid_rule_file) ... ok
test_output_schema_validates_v2 (test_hardening.TestProvenance.test_output_schema_validates_v2) ... ok
test_provenance_fields_present (test_hardening.TestProvenance.test_provenance_fields_present) ... ok
test_ruleset_digest_changes_with_rules (test_hardening.TestProvenance.test_ruleset_digest_changes_with_rules) ... ok
test_no_network_and_read_only (test_hardening.TestResourceAndSafety.test_no_network_and_read_only) ... D:\AgentWorkspace\DSHW\adaptive-engineering-harness\tests\discovery\test_hardening.py:157: ResourceWarning: unclosed file <_io.TextIOWrapper name='D:\\AgentWorkspace\\DSHW\\adaptive-engineering-harness\\src\\aeh\\discovery.py' mode='r' encoding='utf-8'>
  src = open(os.path.join(ROOT, "src", "aeh", "discovery.py"), "r", encoding="utf-8").read()
ResourceWarning: Enable tracemalloc to get the object allocation traceback
ok
test_walk_bound_warning (test_hardening.TestResourceAndSafety.test_walk_bound_warning) ... ok

----------------------------------------------------------------------
Ran 21 tests in 2.553s

OK
