
test_cli_accepts_ttl_and_revocation (test_m4_governance.TestM4ApprovalCLI.test_cli_accepts_ttl_and_revocation) ... D:\AgentWorkspace\DSHW\adaptive-engineering-harness\tests\runtime\test_verify.py:115: ResourceWarning: unclosed file <_io.TextIOWrapper name='D:\\AgentWorkspace\\DSHW\\adaptive-engineering-harness\\tests\\fixtures\\tdd-neutral-src\\order_fixed.py' mode='r' encoding='utf-8'>
  fixed = open(os.path.join(NEUTRAL_SRC, "order_fixed.py"), encoding="utf-8").read()
ResourceWarning: Enable tracemalloc to get the object allocation traceback
D:\AgentWorkspace\DSHW\adaptive-engineering-harness\tests\runtime\test_verify.py:120: ResourceWarning: unclosed file <_io.BufferedReader name='C:\\Users\\Yimo\\AppData\\Local\\Temp\\aeh-g13-t-3b6hqdqn\\src\\order.py'>
  before = hashlib.sha256(open(prod, "rb").read()).hexdigest()
ResourceWarning: Enable tracemalloc to get the object allocation traceback
D:\AgentWorkspace\DSHW\adaptive-engineering-harness\tests\runtime\test_verify.py:123: ResourceWarning: unclosed file <_io.BufferedReader name='C:\\Users\\Yimo\\AppData\\Local\\Temp\\aeh-g13-t-3b6hqdqn\\src\\order.py'>
  after = hashlib.sha256(open(prod, "rb").read()).hexdigest()
ResourceWarning: Enable tracemalloc to get the object allocation traceback
ok
test_legacy_approval_without_ttl_is_valid_with_warning (test_m4_governance.TestM4ApprovalLifecycle.test_legacy_approval_without_ttl_is_valid_with_warning) ... D:\AgentWorkspace\DSHW\adaptive-engineering-harness\tests\runtime\test_verify.py:120: ResourceWarning: unclosed file <_io.BufferedReader name='C:\\Users\\Yimo\\AppData\\Local\\Temp\\aeh-g13-t-8zzdkf9j\\src\\order.py'>
  before = hashlib.sha256(open(prod, "rb").read()).hexdigest()
ResourceWarning: Enable tracemalloc to get the object allocation traceback
D:\AgentWorkspace\DSHW\adaptive-engineering-harness\tests\runtime\test_verify.py:123: ResourceWarning: unclosed file <_io.BufferedReader name='C:\\Users\\Yimo\\AppData\\Local\\Temp\\aeh-g13-t-8zzdkf9j\\src\\order.py'>
  after = hashlib.sha256(open(prod, "rb").read()).hexdigest()
ResourceWarning: Enable tracemalloc to get the object allocation traceback
ok
test_revocation_preserves_original_attestation (test_m4_governance.TestM4ApprovalLifecycle.test_revocation_preserves_original_attestation) ... D:\AgentWorkspace\DSHW\adaptive-engineering-harness\tests\runtime\test_verify.py:120: ResourceWarning: unclosed file <_io.BufferedReader name='C:\\Users\\Yimo\\AppData\\Local\\Temp\\aeh-g13-t-8mmk4gt7\\src\\order.py'>
  before = hashlib.sha256(open(prod, "rb").read()).hexdigest()
ResourceWarning: Enable tracemalloc to get the object allocation traceback
D:\AgentWorkspace\DSHW\adaptive-engineering-harness\tests\runtime\test_verify.py:123: ResourceWarning: unclosed file <_io.BufferedReader name='C:\\Users\\Yimo\\AppData\\Local\\Temp\\aeh-g13-t-8mmk4gt7\\src\\order.py'>
  after = hashlib.sha256(open(prod, "rb").read()).hexdigest()
ResourceWarning: Enable tracemalloc to get the object allocation traceback
ok
test_revoke_requires_existing_approved_record (test_m4_governance.TestM4ApprovalLifecycle.test_revoke_requires_existing_approved_record) ... D:\AgentWorkspace\DSHW\adaptive-engineering-harness\tests\runtime\test_verify.py:120: ResourceWarning: unclosed file <_io.BufferedReader name='C:\\Users\\Yimo\\AppData\\Local\\Temp\\aeh-g13-t-1602qctb\\src\\order.py'>
  before = hashlib.sha256(open(prod, "rb").read()).hexdigest()
ResourceWarning: Enable tracemalloc to get the object allocation traceback
D:\AgentWorkspace\DSHW\adaptive-engineering-harness\tests\runtime\test_verify.py:123: ResourceWarning: unclosed file <_io.BufferedReader name='C:\\Users\\Yimo\\AppData\\Local\\Temp\\aeh-g13-t-1602qctb\\src\\order.py'>
  after = hashlib.sha256(open(prod, "rb").read()).hexdigest()
ResourceWarning: Enable tracemalloc to get the object allocation traceback
ok
test_ttl_approval_expires_deterministically (test_m4_governance.TestM4ApprovalLifecycle.test_ttl_approval_expires_deterministically) ... D:\AgentWorkspace\DSHW\adaptive-engineering-harness\tests\runtime\test_verify.py:120: ResourceWarning: unclosed file <_io.BufferedReader name='C:\\Users\\Yimo\\AppData\\Local\\Temp\\aeh-g13-t-araajkd2\\src\\order.py'>
  before = hashlib.sha256(open(prod, "rb").read()).hexdigest()
ResourceWarning: Enable tracemalloc to get the object allocation traceback
D:\AgentWorkspace\DSHW\adaptive-engineering-harness\tests\runtime\test_verify.py:123: ResourceWarning: unclosed file <_io.BufferedReader name='C:\\Users\\Yimo\\AppData\\Local\\Temp\\aeh-g13-t-araajkd2\\src\\order.py'>
  after = hashlib.sha256(open(prod, "rb").read()).hexdigest()
ResourceWarning: Enable tracemalloc to get the object allocation traceback
ok
test_ttl_rejected_for_non_approval_and_out_of_range (test_m4_governance.TestM4ApprovalLifecycle.test_ttl_rejected_for_non_approval_and_out_of_range) ... D:\AgentWorkspace\DSHW\adaptive-engineering-harness\tests\runtime\test_verify.py:120: ResourceWarning: unclosed file <_io.BufferedReader name='C:\\Users\\Yimo\\AppData\\Local\\Temp\\aeh-g13-t-jeymdxv8\\src\\order.py'>
  before = hashlib.sha256(open(prod, "rb").read()).hexdigest()
ResourceWarning: Enable tracemalloc to get the object allocation traceback
D:\AgentWorkspace\DSHW\adaptive-engineering-harness\tests\runtime\test_verify.py:123: ResourceWarning: unclosed file <_io.BufferedReader name='C:\\Users\\Yimo\\AppData\\Local\\Temp\\aeh-g13-t-jeymdxv8\\src\\order.py'>
  after = hashlib.sha256(open(prod, "rb").read()).hexdigest()
ResourceWarning: Enable tracemalloc to get the object allocation traceback
ok
test_critical_plan_rejected_at_test_design (test_m4_governance.TestM4CriticalPlanGate.test_critical_plan_rejected_at_test_design) ... ok
test_expired_critical_merge_approval_fails_closed (test_m4_governance.TestM4ManualVerification.test_expired_critical_merge_approval_fails_closed) ... D:\AgentWorkspace\DSHW\adaptive-engineering-harness\tests\runtime\test_verify.py:118: ResourceWarning: unclosed file <_io.TextIOWrapper name='D:\\AgentWorkspace\\DSHW\\adaptive-engineering-harness\\tests\\fixtures\\tdd-src\\reward_fixed.py' mode='r' encoding='utf-8'>
  fixed = open(os.path.join(TDD_SRC, "reward_fixed.py"), encoding="utf-8").read()
ResourceWarning: Enable tracemalloc to get the object allocation traceback
D:\AgentWorkspace\DSHW\adaptive-engineering-harness\tests\runtime\test_verify.py:120: ResourceWarning: unclosed file <_io.BufferedReader name='C:\\Users\\Yimo\\AppData\\Local\\Temp\\aeh-g13-t-43hls8gi\\src\\reward.py'>
  before = hashlib.sha256(open(prod, "rb").read()).hexdigest()
ResourceWarning: Enable tracemalloc to get the object allocation traceback
D:\AgentWorkspace\DSHW\adaptive-engineering-harness\tests\runtime\test_verify.py:123: ResourceWarning: unclosed file <_io.BufferedReader name='C:\\Users\\Yimo\\AppData\\Local\\Temp\\aeh-g13-t-43hls8gi\\src\\reward.py'>
  after = hashlib.sha256(open(prod, "rb").read()).hexdigest()
ResourceWarning: Enable tracemalloc to get the object allocation traceback
ok
test_expired_manual_verification_fails_closed (test_m4_governance.TestM4ManualVerification.test_expired_manual_verification_fails_closed) ... D:\AgentWorkspace\DSHW\adaptive-engineering-harness\tests\runtime\test_verify.py:120: ResourceWarning: unclosed file <_io.BufferedReader name='C:\\Users\\Yimo\\AppData\\Local\\Temp\\aeh-g13-t-zq7xvq2n\\src\\order.py'>
  before = hashlib.sha256(open(prod, "rb").read()).hexdigest()
ResourceWarning: Enable tracemalloc to get the object allocation traceback
D:\AgentWorkspace\DSHW\adaptive-engineering-harness\tests\runtime\test_verify.py:123: ResourceWarning: unclosed file <_io.BufferedReader name='C:\\Users\\Yimo\\AppData\\Local\\Temp\\aeh-g13-t-zq7xvq2n\\src\\order.py'>
  after = hashlib.sha256(open(prod, "rb").read()).hexdigest()
ResourceWarning: Enable tracemalloc to get the object allocation traceback
ok
test_manual_legacy_no_expiry_surfaces_warning (test_m4_governance.TestM4ManualVerification.test_manual_legacy_no_expiry_surfaces_warning) ... D:\AgentWorkspace\DSHW\adaptive-engineering-harness\tests\runtime\test_verify.py:120: ResourceWarning: unclosed file <_io.BufferedReader name='C:\\Users\\Yimo\\AppData\\Local\\Temp\\aeh-g13-t-fs3qufp2\\src\\order.py'>
  before = hashlib.sha256(open(prod, "rb").read()).hexdigest()
ResourceWarning: Enable tracemalloc to get the object allocation traceback
D:\AgentWorkspace\DSHW\adaptive-engineering-harness\tests\runtime\test_verify.py:123: ResourceWarning: unclosed file <_io.BufferedReader name='C:\\Users\\Yimo\\AppData\\Local\\Temp\\aeh-g13-t-fs3qufp2\\src\\order.py'>
  after = hashlib.sha256(open(prod, "rb").read()).hexdigest()
ResourceWarning: Enable tracemalloc to get the object allocation traceback
ok
test_manual_verification_approval_is_explicit_not_automated (test_m4_governance.TestM4ManualVerification.test_manual_verification_approval_is_explicit_not_automated) ... D:\AgentWorkspace\DSHW\adaptive-engineering-harness\tests\runtime\test_verify.py:120: ResourceWarning: unclosed file <_io.BufferedReader name='C:\\Users\\Yimo\\AppData\\Local\\Temp\\aeh-g13-t-qd7en49p\\src\\order.py'>
  before = hashlib.sha256(open(prod, "rb").read()).hexdigest()
ResourceWarning: Enable tracemalloc to get the object allocation traceback
D:\AgentWorkspace\DSHW\adaptive-engineering-harness\tests\runtime\test_verify.py:123: ResourceWarning: unclosed file <_io.BufferedReader name='C:\\Users\\Yimo\\AppData\\Local\\Temp\\aeh-g13-t-qd7en49p\\src\\order.py'>
  after = hashlib.sha256(open(prod, "rb").read()).hexdigest()
ResourceWarning: Enable tracemalloc to get the object allocation traceback
ok
test_manual_verification_waits_for_dedicated_gate (test_m4_governance.TestM4ManualVerification.test_manual_verification_waits_for_dedicated_gate) ... D:\AgentWorkspace\DSHW\adaptive-engineering-harness\tests\runtime\test_verify.py:120: ResourceWarning: unclosed file <_io.BufferedReader name='C:\\Users\\Yimo\\AppData\\Local\\Temp\\aeh-g13-t-q3s08ik3\\src\\order.py'>
  before = hashlib.sha256(open(prod, "rb").read()).hexdigest()
ResourceWarning: Enable tracemalloc to get the object allocation traceback
D:\AgentWorkspace\DSHW\adaptive-engineering-harness\tests\runtime\test_verify.py:123: ResourceWarning: unclosed file <_io.BufferedReader name='C:\\Users\\Yimo\\AppData\\Local\\Temp\\aeh-g13-t-q3s08ik3\\src\\order.py'>
  after = hashlib.sha256(open(prod, "rb").read()).hexdigest()
ResourceWarning: Enable tracemalloc to get the object allocation traceback
ok
test_rejected_manual_verification_is_distinct (test_m4_governance.TestM4ManualVerification.test_rejected_manual_verification_is_distinct) ... D:\AgentWorkspace\DSHW\adaptive-engineering-harness\tests\runtime\test_verify.py:120: ResourceWarning: unclosed file <_io.BufferedReader name='C:\\Users\\Yimo\\AppData\\Local\\Temp\\aeh-g13-t-y5wld2in\\src\\order.py'>
  before = hashlib.sha256(open(prod, "rb").read()).hexdigest()
ResourceWarning: Enable tracemalloc to get the object allocation traceback
D:\AgentWorkspace\DSHW\adaptive-engineering-harness\tests\runtime\test_verify.py:123: ResourceWarning: unclosed file <_io.BufferedReader name='C:\\Users\\Yimo\\AppData\\Local\\Temp\\aeh-g13-t-y5wld2in\\src\\order.py'>
  after = hashlib.sha256(open(prod, "rb").read()).hexdigest()
ResourceWarning: Enable tracemalloc to get the object allocation traceback
ok
test_revoked_manual_verification_fails_closed (test_m4_governance.TestM4ManualVerification.test_revoked_manual_verification_fails_closed) ... D:\AgentWorkspace\DSHW\adaptive-engineering-harness\tests\runtime\test_verify.py:120: ResourceWarning: unclosed file <_io.BufferedReader name='C:\\Users\\Yimo\\AppData\\Local\\Temp\\aeh-g13-t-xye5aj9s\\src\\order.py'>
  before = hashlib.sha256(open(prod, "rb").read()).hexdigest()
ResourceWarning: Enable tracemalloc to get the object allocation traceback
D:\AgentWorkspace\DSHW\adaptive-engineering-harness\tests\runtime\test_verify.py:123: ResourceWarning: unclosed file <_io.BufferedReader name='C:\\Users\\Yimo\\AppData\\Local\\Temp\\aeh-g13-t-xye5aj9s\\src\\order.py'>
  after = hashlib.sha256(open(prod, "rb").read()).hexdigest()
ResourceWarning: Enable tracemalloc to get the object allocation traceback
ok
test_technical_failure_precedes_manual_approval (test_m4_governance.TestM4ManualVerification.test_technical_failure_precedes_manual_approval) ... D:\AgentWorkspace\DSHW\adaptive-engineering-harness\tests\runtime\test_verify.py:120: ResourceWarning: unclosed file <_io.BufferedReader name='C:\\Users\\Yimo\\AppData\\Local\\Temp\\aeh-g13-t-izf23mwh\\src\\order.py'>
  before = hashlib.sha256(open(prod, "rb").read()).hexdigest()
ResourceWarning: Enable tracemalloc to get the object allocation traceback
D:\AgentWorkspace\DSHW\adaptive-engineering-harness\tests\runtime\test_verify.py:123: ResourceWarning: unclosed file <_io.BufferedReader name='C:\\Users\\Yimo\\AppData\\Local\\Temp\\aeh-g13-t-izf23mwh\\src\\order.py'>
  after = hashlib.sha256(open(prod, "rb").read()).hexdigest()
ResourceWarning: Enable tracemalloc to get the object allocation traceback
ok

----------------------------------------------------------------------
Ran 15 tests in 86.227s

OK
