
test_effective_workflow_error (test_doctor.TestBlockedConditions.test_effective_workflow_error) ... ok
test_malformed_agents_managed (test_doctor.TestBlockedConditions.test_malformed_agents_managed) ... ok
test_malformed_claude_managed (test_doctor.TestBlockedConditions.test_malformed_claude_managed) ... ok
test_manifest_missing (test_doctor.TestBlockedConditions.test_manifest_missing) ... ok
test_profile_schema_error (test_doctor.TestBlockedConditions.test_profile_schema_error) ... ok
test_profile_status_blocked (test_doctor.TestBlockedConditions.test_profile_status_blocked) ... D:\AgentWorkspace\DSHW\adaptive-engineering-harness\tests\doctor\test_doctor.py:120: ResourceWarning: unclosed file <_io.TextIOWrapper name='C:\\Users\\Yimo\\AppData\\Local\\Temp\\aeh-doc-target-jyk3sv1d\\.aeh\\profile.yaml' mode='r' encoding='utf-8'>
  profile = yaml.safe_load(open(os.path.join(target, ".aeh", "profile.yaml"), encoding="utf-8"))
ResourceWarning: Enable tracemalloc to get the object allocation traceback
ok
test_runtime_tamper (test_doctor.TestBlockedConditions.test_runtime_tamper) ... ok
test_unresolved_conflict (test_doctor.TestBlockedConditions.test_unresolved_conflict) ... D:\AgentWorkspace\DSHW\adaptive-engineering-harness\tests\doctor\test_doctor.py:130: ResourceWarning: unclosed file <_io.TextIOWrapper name='C:\\Users\\Yimo\\AppData\\Local\\Temp\\aeh-doc-target-oddql1cl\\.aeh\\profile.yaml' mode='r' encoding='utf-8'>
  profile = yaml.safe_load(open(os.path.join(target, ".aeh", "profile.yaml"), encoding="utf-8"))
ResourceWarning: Enable tracemalloc to get the object allocation traceback
ok
test_cli_doctor (test_doctor.TestCLI.test_cli_doctor) ... ok
test_guidance_only_warns (test_doctor.TestCapabilities.test_guidance_only_warns) ... ok
test_unenforceable_blocks (test_doctor.TestCapabilities.test_unenforceable_blocks) ... ok
test_preflight_propagates (test_doctor.TestDeterminismAndPreflight.test_preflight_propagates) ... ok
test_scanned_at_irrelevant (test_doctor.TestDeterminismAndPreflight.test_scanned_at_irrelevant) ... ok
test_twice_semantic_deterministic (test_doctor.TestDeterminismAndPreflight.test_twice_semantic_deterministic) ... ok
test_doctor_fully_read_only (test_doctor.TestHealthyAndReadOnly.test_doctor_fully_read_only) ... ok
test_healthy_verdict (test_doctor.TestHealthyAndReadOnly.test_healthy_verdict) ... ok
test_git_unavailable_honest (test_doctor.TestPrivateAndEnv.test_git_unavailable_honest) ... ok
test_no_gitignore_warns (test_doctor.TestPrivateAndEnv.test_no_gitignore_warns) ... ok
test_private_content_not_in_evidence (test_doctor.TestPrivateAndEnv.test_private_content_not_in_evidence) ... ok
test_private_gitignore_missing_entry (test_doctor.TestPrivateAndEnv.test_private_gitignore_missing_entry) ... ok
test_staging_residue_blocks (test_doctor.TestPrivateAndEnv.test_staging_residue_blocks) ... ok

----------------------------------------------------------------------
Ran 21 tests in 58.263s

OK
