
test_approvals_gate_enum_matches_gates_yaml (test_contracts.TestConsistency.test_approvals_gate_enum_matches_gates_yaml) ... ok
test_change_gate_props_are_known_gates (test_contracts.TestConsistency.test_change_gate_props_are_known_gates) ... ok
test_change_state_enum_matches_states_yaml (test_contracts.TestConsistency.test_change_state_enum_matches_states_yaml) ... ok
test_hard_escalation_domains (test_contracts.TestConsistency.test_hard_escalation_domains) ... ok
test_illegal_transitions_are_not_legal (test_contracts.TestConsistency.test_illegal_transitions_are_not_legal) ... ok
test_invalid_red_routing_matches_verdicts (test_contracts.TestConsistency.test_invalid_red_routing_matches_verdicts) ... ok
test_level_sets_are_consistent (test_contracts.TestConsistency.test_level_sets_are_consistent) ... ok
test_lightweight_artifact_set (test_contracts.TestConsistency.test_lightweight_artifact_set) ... ok
test_lock_test_order_in_standard_critical (test_contracts.TestConsistency.test_lock_test_order_in_standard_critical) ... ok
test_m4_manual_gate_and_approval_lifecycle_contract (test_contracts.TestConsistency.test_m4_manual_gate_and_approval_lifecycle_contract) ... ok
test_m5_approval_credential_contract_is_bounded (test_contracts.TestConsistency.test_m5_approval_credential_contract_is_bounded) ... ok
test_m5_execution_policy_is_fail_closed_and_schema_valid (test_contracts.TestConsistency.test_m5_execution_policy_is_fail_closed_and_schema_valid) ... ok
test_m6_2_policy_is_pinned_minimal_and_configured (test_contracts.TestConsistency.test_m6_2_policy_is_pinned_minimal_and_configured) ... ok
test_m6_ci_policy_is_read_only_and_fail_closed (test_contracts.TestConsistency.test_m6_ci_policy_is_read_only_and_fail_closed) ... ok
test_precedence_frozen_order (test_contracts.TestConsistency.test_precedence_frozen_order) ... ok
test_red_schema_field_coverage (test_contracts.TestConsistency.test_red_schema_field_coverage) ... ok
test_workflow_phases_are_known_states (test_contracts.TestConsistency.test_workflow_phases_are_known_states) ... ok
test_all_schemas_parse_and_use_draft07 (test_contracts.TestSchemas.test_all_schemas_parse_and_use_draft07) ... ok
test_illegal_fixtures_rejected (test_contracts.TestSchemas.test_illegal_fixtures_rejected) ... ok
test_legal_fixtures_validate (test_contracts.TestSchemas.test_legal_fixtures_validate) ... ok
test_approvals_approved_requires_human (test_contracts.TestTrustedMutationCoverage.test_approvals_approved_requires_human) ... ok
test_change_state_provenance_hooks (test_contracts.TestTrustedMutationCoverage.test_change_state_provenance_hooks) ... ok
test_manifest_digest_fields (test_contracts.TestTrustedMutationCoverage.test_manifest_digest_fields) ... ok
test_profile_provenance_definition_required_fields (test_contracts.TestTrustedMutationCoverage.test_profile_provenance_definition_required_fields) ... ok
test_red_output_integrity_fields (test_contracts.TestTrustedMutationCoverage.test_red_output_integrity_fields) ... ok
test_core_and_schemas_zero_project_hardcode (test_contracts.TestZeroHardcode.test_core_and_schemas_zero_project_hardcode) ... ok

----------------------------------------------------------------------
Ran 26 tests in 0.140s

OK
