
test_bootstrap_journal_schema_and_idempotence (test_repair.TestJournalsAndWorkflow.test_bootstrap_journal_schema_and_idempotence) ... ok
test_bootstrap_transaction_can_be_rolled_back (test_repair.TestJournalsAndWorkflow.test_bootstrap_transaction_can_be_rolled_back) ... ok
test_change_repair_does_not_bypass_illegal_state (test_repair.TestJournalsAndWorkflow.test_change_repair_does_not_bypass_illegal_state) ... ok
test_change_repair_shortcuts_use_frozen_conditions (test_repair.TestJournalsAndWorkflow.test_change_repair_shortcuts_use_frozen_conditions) ... ok
test_cli_default_plan_apply_and_rollback (test_repair.TestJournalsAndWorkflow.test_cli_default_plan_apply_and_rollback) ... ok
test_gitignore_absent_warn_is_repairable (test_repair.TestRepairFaults.test_gitignore_absent_warn_is_repairable) ... ok
test_gitignore_missing_entry (test_repair.TestRepairFaults.test_gitignore_missing_entry) ... ok
test_managed_block_damage_preserves_exterior_text (test_repair.TestRepairFaults.test_managed_block_damage_preserves_exterior_text) ... ok
test_missing_runtime_file_dry_run_apply_and_rollback (test_repair.TestRepairFaults.test_missing_runtime_file_dry_run_apply_and_rollback) ... ok
test_partial_install_residue (test_repair.TestRepairFaults.test_partial_install_residue) ... ok
test_runtime_digest_mismatch (test_repair.TestRepairFaults.test_runtime_digest_mismatch) ... ok
test_apply_drift_is_not_overwritten_and_prior_write_is_rolled_back (test_repair.TestRepairSafety.test_apply_drift_is_not_overwritten_and_prior_write_is_rolled_back) ... ok
test_injected_failure_automatically_rolls_back (test_repair.TestRepairSafety.test_injected_failure_automatically_rolls_back) ... ok
test_interrupted_transaction_can_be_explicitly_rolled_back (test_repair.TestRepairSafety.test_interrupted_transaction_can_be_explicitly_rolled_back) ... ok
test_private_residue_is_not_read_or_removed (test_repair.TestRepairSafety.test_private_residue_is_not_read_or_removed) ... ok
test_rollback_drift_blocks_without_overwrite (test_repair.TestRepairSafety.test_rollback_drift_blocks_without_overwrite) ... ok
test_source_digest_mismatch_blocks_without_write (test_repair.TestRepairSafety.test_source_digest_mismatch_blocks_without_write) ... ok
test_transaction_rejects_cross_platform_unsafe_paths (test_repair.TestRepairSafety.test_transaction_rejects_cross_platform_unsafe_paths) ... ok
test_unbounded_managed_damage_blocks_without_write (test_repair.TestRepairSafety.test_unbounded_managed_damage_blocks_without_write) ... ok

----------------------------------------------------------------------
Ran 19 tests in 53.443s

OK
