
test_agent_machine_truth_writes_blocked_before_verify (test_verify.TestVerify.test_agent_machine_truth_writes_blocked_before_verify)
RUN-F055 regression: Controller truth cannot be laundered by overwrite. ... D:\AgentWorkspace\DSHW\adaptive-engineering-harness\tests\runtime\test_verify.py:115: ResourceWarning: unclosed file <_io.TextIOWrapper name='D:\\AgentWorkspace\\DSHW\\adaptive-engineering-harness\\tests\\fixtures\\tdd-neutral-src\\order_fixed.py' mode='r' encoding='utf-8'>
  fixed = open(os.path.join(NEUTRAL_SRC, "order_fixed.py"), encoding="utf-8").read()
ResourceWarning: Enable tracemalloc to get the object allocation traceback
D:\AgentWorkspace\DSHW\adaptive-engineering-harness\tests\runtime\test_verify.py:120: ResourceWarning: unclosed file <_io.BufferedReader name='C:\\Users\\Yimo\\AppData\\Local\\Temp\\aeh-g13-t-4g6o_7c5\\src\\order.py'>
  before = hashlib.sha256(open(prod, "rb").read()).hexdigest()
ResourceWarning: Enable tracemalloc to get the object allocation traceback
D:\AgentWorkspace\DSHW\adaptive-engineering-harness\tests\runtime\test_verify.py:123: ResourceWarning: unclosed file <_io.BufferedReader name='C:\\Users\\Yimo\\AppData\\Local\\Temp\\aeh-g13-t-4g6o_7c5\\src\\order.py'>
  after = hashlib.sha256(open(prod, "rb").read()).hexdigest()
ResourceWarning: Enable tracemalloc to get the object allocation traceback
ok
test_approval_cannot_override_technical_failure (test_verify.TestVerify.test_approval_cannot_override_technical_failure) ... D:\AgentWorkspace\DSHW\adaptive-engineering-harness\tests\runtime\test_verify.py:120: ResourceWarning: unclosed file <_io.BufferedReader name='C:\\Users\\Yimo\\AppData\\Local\\Temp\\aeh-g13-t-t0z2banm\\src\\order.py'>
  before = hashlib.sha256(open(prod, "rb").read()).hexdigest()
ResourceWarning: Enable tracemalloc to get the object allocation traceback
D:\AgentWorkspace\DSHW\adaptive-engineering-harness\tests\runtime\test_verify.py:123: ResourceWarning: unclosed file <_io.BufferedReader name='C:\\Users\\Yimo\\AppData\\Local\\Temp\\aeh-g13-t-t0z2banm\\src\\order.py'>
  after = hashlib.sha256(open(prod, "rb").read()).hexdigest()
ResourceWarning: Enable tracemalloc to get the object allocation traceback
ok
test_approval_input_validation (test_verify.TestVerify.test_approval_input_validation) ... D:\AgentWorkspace\DSHW\adaptive-engineering-harness\tests\runtime\test_verify.py:120: ResourceWarning: unclosed file <_io.BufferedReader name='C:\\Users\\Yimo\\AppData\\Local\\Temp\\aeh-g13-t-koptzl0x\\src\\order.py'>
  before = hashlib.sha256(open(prod, "rb").read()).hexdigest()
ResourceWarning: Enable tracemalloc to get the object allocation traceback
D:\AgentWorkspace\DSHW\adaptive-engineering-harness\tests\runtime\test_verify.py:123: ResourceWarning: unclosed file <_io.BufferedReader name='C:\\Users\\Yimo\\AppData\\Local\\Temp\\aeh-g13-t-koptzl0x\\src\\order.py'>
  after = hashlib.sha256(open(prod, "rb").read()).hexdigest()
ResourceWarning: Enable tracemalloc to get the object allocation traceback
D:\AgentWorkspace\DSHW\adaptive-engineering-harness\tests\runtime\test_verify.py:435: ResourceWarning: unclosed file <_io.TextIOWrapper name='C:\\Users\\Yimo\\AppData\\Local\\Temp\\aeh-g13-t-koptzl0x\\.aeh\\changes\\CHG-2026-0001\\approvals.yaml' mode='r' encoding='utf-8'>
  body = yaml.safe_load(open(os.path.join(target, ".aeh", "changes", cid, "approvals.yaml"), encoding="utf-8"))
ResourceWarning: Enable tracemalloc to get the object allocation traceback
ok
test_cli_verify_approve (test_verify.TestVerify.test_cli_verify_approve) ... D:\AgentWorkspace\DSHW\adaptive-engineering-harness\tests\runtime\test_verify.py:118: ResourceWarning: unclosed file <_io.TextIOWrapper name='D:\\AgentWorkspace\\DSHW\\adaptive-engineering-harness\\tests\\fixtures\\tdd-src\\reward_fixed.py' mode='r' encoding='utf-8'>
  fixed = open(os.path.join(TDD_SRC, "reward_fixed.py"), encoding="utf-8").read()
ResourceWarning: Enable tracemalloc to get the object allocation traceback
D:\AgentWorkspace\DSHW\adaptive-engineering-harness\tests\runtime\test_verify.py:120: ResourceWarning: unclosed file <_io.BufferedReader name='C:\\Users\\Yimo\\AppData\\Local\\Temp\\aeh-g13-t-5g375zqf\\src\\reward.py'>
  before = hashlib.sha256(open(prod, "rb").read()).hexdigest()
ResourceWarning: Enable tracemalloc to get the object allocation traceback
D:\AgentWorkspace\DSHW\adaptive-engineering-harness\tests\runtime\test_verify.py:123: ResourceWarning: unclosed file <_io.BufferedReader name='C:\\Users\\Yimo\\AppData\\Local\\Temp\\aeh-g13-t-5g375zqf\\src\\reward.py'>
  after = hashlib.sha256(open(prod, "rb").read()).hexdigest()
ResourceWarning: Enable tracemalloc to get the object allocation traceback
ok
test_controller_approval_after_blocked_verify_reseals_and_retries (test_verify.TestVerify.test_controller_approval_after_blocked_verify_reseals_and_retries) ... D:\AgentWorkspace\DSHW\adaptive-engineering-harness\tests\runtime\test_verify.py:120: ResourceWarning: unclosed file <_io.BufferedReader name='C:\\Users\\Yimo\\AppData\\Local\\Temp\\aeh-g13-t-cujeak5n\\src\\reward.py'>
  before = hashlib.sha256(open(prod, "rb").read()).hexdigest()
ResourceWarning: Enable tracemalloc to get the object allocation traceback
D:\AgentWorkspace\DSHW\adaptive-engineering-harness\tests\runtime\test_verify.py:123: ResourceWarning: unclosed file <_io.BufferedReader name='C:\\Users\\Yimo\\AppData\\Local\\Temp\\aeh-g13-t-cujeak5n\\src\\reward.py'>
  after = hashlib.sha256(open(prod, "rb").read()).hexdigest()
ResourceWarning: Enable tracemalloc to get the object allocation traceback
ok
test_existing_machine_truth_tamper_blocked_before_verify (test_verify.TestVerify.test_existing_machine_truth_tamper_blocked_before_verify) ... D:\AgentWorkspace\DSHW\adaptive-engineering-harness\tests\runtime\test_verify.py:120: ResourceWarning: unclosed file <_io.BufferedReader name='C:\\Users\\Yimo\\AppData\\Local\\Temp\\aeh-g13-t-jm_ygrcv\\src\\order.py'>
  before = hashlib.sha256(open(prod, "rb").read()).hexdigest()
ResourceWarning: Enable tracemalloc to get the object allocation traceback
D:\AgentWorkspace\DSHW\adaptive-engineering-harness\tests\runtime\test_verify.py:123: ResourceWarning: unclosed file <_io.BufferedReader name='C:\\Users\\Yimo\\AppData\\Local\\Temp\\aeh-g13-t-jm_ygrcv\\src\\order.py'>
  after = hashlib.sha256(open(prod, "rb").read()).hexdigest()
ResourceWarning: Enable tracemalloc to get the object allocation traceback
D:\AgentWorkspace\DSHW\adaptive-engineering-harness\tests\runtime\test_verify.py:216: ResourceWarning: unclosed file <_io.TextIOWrapper name='C:\\Users\\Yimo\\AppData\\Local\\Temp\\aeh-g13-t-jm_ygrcv\\.aeh\\changes\\CHG-2026-0001\\change.yaml' mode='r' encoding='utf-8'>
  forged = yaml.safe_load(open(cpath, encoding="utf-8"))
ResourceWarning: Enable tracemalloc to get the object allocation traceback
ok
test_forged_approval_written_during_verify_is_not_resealed (test_verify.TestVerify.test_forged_approval_written_during_verify_is_not_resealed) ... D:\AgentWorkspace\DSHW\adaptive-engineering-harness\tests\runtime\test_verify.py:120: ResourceWarning: unclosed file <_io.BufferedReader name='C:\\Users\\Yimo\\AppData\\Local\\Temp\\aeh-g13-t-32p3hzma\\src\\reward.py'>
  before = hashlib.sha256(open(prod, "rb").read()).hexdigest()
ResourceWarning: Enable tracemalloc to get the object allocation traceback
D:\AgentWorkspace\DSHW\adaptive-engineering-harness\tests\runtime\test_verify.py:123: ResourceWarning: unclosed file <_io.BufferedReader name='C:\\Users\\Yimo\\AppData\\Local\\Temp\\aeh-g13-t-32p3hzma\\src\\reward.py'>
  after = hashlib.sha256(open(prod, "rb").read()).hexdigest()
ResourceWarning: Enable tracemalloc to get the object allocation traceback
ok
test_lock_tamper_blocked (test_verify.TestVerify.test_lock_tamper_blocked) ... D:\AgentWorkspace\DSHW\adaptive-engineering-harness\tests\runtime\test_verify.py:120: ResourceWarning: unclosed file <_io.BufferedReader name='C:\\Users\\Yimo\\AppData\\Local\\Temp\\aeh-g13-t-uuetkiyz\\src\\order.py'>
  before = hashlib.sha256(open(prod, "rb").read()).hexdigest()
ResourceWarning: Enable tracemalloc to get the object allocation traceback
D:\AgentWorkspace\DSHW\adaptive-engineering-harness\tests\runtime\test_verify.py:123: ResourceWarning: unclosed file <_io.BufferedReader name='C:\\Users\\Yimo\\AppData\\Local\\Temp\\aeh-g13-t-uuetkiyz\\src\\order.py'>
  after = hashlib.sha256(open(prod, "rb").read()).hexdigest()
ResourceWarning: Enable tracemalloc to get the object allocation traceback
ok
test_manual_pending_blocks (test_verify.TestVerify.test_manual_pending_blocks) ... D:\AgentWorkspace\DSHW\adaptive-engineering-harness\tests\runtime\test_verify.py:120: ResourceWarning: unclosed file <_io.BufferedReader name='C:\\Users\\Yimo\\AppData\\Local\\Temp\\aeh-g13-t-nfh1c071\\src\\order.py'>
  before = hashlib.sha256(open(prod, "rb").read()).hexdigest()
ResourceWarning: Enable tracemalloc to get the object allocation traceback
D:\AgentWorkspace\DSHW\adaptive-engineering-harness\tests\runtime\test_verify.py:123: ResourceWarning: unclosed file <_io.BufferedReader name='C:\\Users\\Yimo\\AppData\\Local\\Temp\\aeh-g13-t-nfh1c071\\src\\order.py'>
  after = hashlib.sha256(open(prod, "rb").read()).hexdigest()
ResourceWarning: Enable tracemalloc to get the object allocation traceback
ok
test_manual_pending_not_overridden_by_approval (test_verify.TestVerify.test_manual_pending_not_overridden_by_approval) ... D:\AgentWorkspace\DSHW\adaptive-engineering-harness\tests\runtime\test_verify.py:120: ResourceWarning: unclosed file <_io.BufferedReader name='C:\\Users\\Yimo\\AppData\\Local\\Temp\\aeh-g13-t-gmyojmsi\\src\\order.py'>
  before = hashlib.sha256(open(prod, "rb").read()).hexdigest()
ResourceWarning: Enable tracemalloc to get the object allocation traceback
D:\AgentWorkspace\DSHW\adaptive-engineering-harness\tests\runtime\test_verify.py:123: ResourceWarning: unclosed file <_io.BufferedReader name='C:\\Users\\Yimo\\AppData\\Local\\Temp\\aeh-g13-t-gmyojmsi\\src\\order.py'>
  after = hashlib.sha256(open(prod, "rb").read()).hexdigest()
ResourceWarning: Enable tracemalloc to get the object allocation traceback
D:\AgentWorkspace\DSHW\adaptive-engineering-harness\tests\runtime\test_verify.py:357: ResourceWarning: unclosed file <_io.TextIOWrapper name='C:\\Users\\Yimo\\AppData\\Local\\Temp\\aeh-g13-t-gmyojmsi\\.aeh\\changes\\CHG-2026-0001\\verification.yaml' mode='r' encoding='utf-8'>
  ver = yaml.safe_load(open(os.path.join(target, ".aeh", "changes", cid, "verification.yaml"), encoding="utf-8"))
ResourceWarning: Enable tracemalloc to get the object allocation traceback
ok
test_manual_verification_gate_is_a_human_gate (test_verify.TestVerify.test_manual_verification_gate_is_a_human_gate) ... D:\AgentWorkspace\DSHW\adaptive-engineering-harness\tests\runtime\test_verify.py:120: ResourceWarning: unclosed file <_io.BufferedReader name='C:\\Users\\Yimo\\AppData\\Local\\Temp\\aeh-g13-t-agbp5ci7\\src\\order.py'>
  before = hashlib.sha256(open(prod, "rb").read()).hexdigest()
ResourceWarning: Enable tracemalloc to get the object allocation traceback
D:\AgentWorkspace\DSHW\adaptive-engineering-harness\tests\runtime\test_verify.py:123: ResourceWarning: unclosed file <_io.BufferedReader name='C:\\Users\\Yimo\\AppData\\Local\\Temp\\aeh-g13-t-agbp5ci7\\src\\order.py'>
  after = hashlib.sha256(open(prod, "rb").read()).hexdigest()
ResourceWarning: Enable tracemalloc to get the object allocation traceback
ok
test_merge_rejected_blocks_any_level (test_verify.TestVerify.test_merge_rejected_blocks_any_level) ... D:\AgentWorkspace\DSHW\adaptive-engineering-harness\tests\runtime\test_verify.py:120: ResourceWarning: unclosed file <_io.BufferedReader name='C:\\Users\\Yimo\\AppData\\Local\\Temp\\aeh-g13-t-u4nz281t\\src\\order.py'>
  before = hashlib.sha256(open(prod, "rb").read()).hexdigest()
ResourceWarning: Enable tracemalloc to get the object allocation traceback
D:\AgentWorkspace\DSHW\adaptive-engineering-harness\tests\runtime\test_verify.py:123: ResourceWarning: unclosed file <_io.BufferedReader name='C:\\Users\\Yimo\\AppData\\Local\\Temp\\aeh-g13-t-u4nz281t\\src\\order.py'>
  after = hashlib.sha256(open(prod, "rb").read()).hexdigest()
ResourceWarning: Enable tracemalloc to get the object allocation traceback
ok
test_parallel_changes_isolated (test_verify.TestVerify.test_parallel_changes_isolated) ... D:\AgentWorkspace\DSHW\adaptive-engineering-harness\tests\runtime\test_verify.py:120: ResourceWarning: unclosed file <_io.BufferedReader name='C:\\Users\\Yimo\\AppData\\Local\\Temp\\aeh-g13-t-icib93ul\\src\\order.py'>
  before = hashlib.sha256(open(prod, "rb").read()).hexdigest()
ResourceWarning: Enable tracemalloc to get the object allocation traceback
D:\AgentWorkspace\DSHW\adaptive-engineering-harness\tests\runtime\test_verify.py:123: ResourceWarning: unclosed file <_io.BufferedReader name='C:\\Users\\Yimo\\AppData\\Local\\Temp\\aeh-g13-t-icib93ul\\src\\order.py'>
  after = hashlib.sha256(open(prod, "rb").read()).hexdigest()
ResourceWarning: Enable tracemalloc to get the object allocation traceback
ok
test_review_projection (test_verify.TestVerify.test_review_projection) ... D:\AgentWorkspace\DSHW\adaptive-engineering-harness\tests\runtime\test_verify.py:120: ResourceWarning: unclosed file <_io.BufferedReader name='C:\\Users\\Yimo\\AppData\\Local\\Temp\\aeh-g13-t-7uic6ps3\\src\\order.py'>
  before = hashlib.sha256(open(prod, "rb").read()).hexdigest()
ResourceWarning: Enable tracemalloc to get the object allocation traceback
D:\AgentWorkspace\DSHW\adaptive-engineering-harness\tests\runtime\test_verify.py:123: ResourceWarning: unclosed file <_io.BufferedReader name='C:\\Users\\Yimo\\AppData\\Local\\Temp\\aeh-g13-t-7uic6ps3\\src\\order.py'>
  after = hashlib.sha256(open(prod, "rb").read()).hexdigest()
ResourceWarning: Enable tracemalloc to get the object allocation traceback
ok
test_runtime_tamper_blocked (test_verify.TestVerify.test_runtime_tamper_blocked) ... D:\AgentWorkspace\DSHW\adaptive-engineering-harness\tests\runtime\test_verify.py:120: ResourceWarning: unclosed file <_io.BufferedReader name='C:\\Users\\Yimo\\AppData\\Local\\Temp\\aeh-g13-t-qpwiz7dn\\src\\order.py'>
  before = hashlib.sha256(open(prod, "rb").read()).hexdigest()
ResourceWarning: Enable tracemalloc to get the object allocation traceback
D:\AgentWorkspace\DSHW\adaptive-engineering-harness\tests\runtime\test_verify.py:123: ResourceWarning: unclosed file <_io.BufferedReader name='C:\\Users\\Yimo\\AppData\\Local\\Temp\\aeh-g13-t-qpwiz7dn\\src\\order.py'>
  after = hashlib.sha256(open(prod, "rb").read()).hexdigest()
ResourceWarning: Enable tracemalloc to get the object allocation traceback
ok
test_schema_valid_forged_human_approval_blocked_by_provenance (test_verify.TestVerify.test_schema_valid_forged_human_approval_blocked_by_provenance) ... D:\AgentWorkspace\DSHW\adaptive-engineering-harness\tests\runtime\test_verify.py:120: ResourceWarning: unclosed file <_io.BufferedReader name='C:\\Users\\Yimo\\AppData\\Local\\Temp\\aeh-g13-t-5o9qcjiv\\src\\order.py'>
  before = hashlib.sha256(open(prod, "rb").read()).hexdigest()
ResourceWarning: Enable tracemalloc to get the object allocation traceback
D:\AgentWorkspace\DSHW\adaptive-engineering-harness\tests\runtime\test_verify.py:123: ResourceWarning: unclosed file <_io.BufferedReader name='C:\\Users\\Yimo\\AppData\\Local\\Temp\\aeh-g13-t-5o9qcjiv\\src\\order.py'>
  after = hashlib.sha256(open(prod, "rb").read()).hexdigest()
ResourceWarning: Enable tracemalloc to get the object allocation traceback
ok
test_stale_context_blocked (test_verify.TestVerify.test_stale_context_blocked) ... D:\AgentWorkspace\DSHW\adaptive-engineering-harness\tests\runtime\test_verify.py:120: ResourceWarning: unclosed file <_io.BufferedReader name='C:\\Users\\Yimo\\AppData\\Local\\Temp\\aeh-g13-t-sb8_dpf6\\src\\order.py'>
  before = hashlib.sha256(open(prod, "rb").read()).hexdigest()
ResourceWarning: Enable tracemalloc to get the object allocation traceback
D:\AgentWorkspace\DSHW\adaptive-engineering-harness\tests\runtime\test_verify.py:123: ResourceWarning: unclosed file <_io.BufferedReader name='C:\\Users\\Yimo\\AppData\\Local\\Temp\\aeh-g13-t-sb8_dpf6\\src\\order.py'>
  after = hashlib.sha256(open(prod, "rb").read()).hexdigest()
ResourceWarning: Enable tracemalloc to get the object allocation traceback
ok
test_system_fabricated_approval_blocked (test_verify.TestVerify.test_system_fabricated_approval_blocked) ... D:\AgentWorkspace\DSHW\adaptive-engineering-harness\tests\runtime\test_verify.py:120: ResourceWarning: unclosed file <_io.BufferedReader name='C:\\Users\\Yimo\\AppData\\Local\\Temp\\aeh-g13-t-i68ar2es\\src\\order.py'>
  before = hashlib.sha256(open(prod, "rb").read()).hexdigest()
ResourceWarning: Enable tracemalloc to get the object allocation traceback
D:\AgentWorkspace\DSHW\adaptive-engineering-harness\tests\runtime\test_verify.py:123: ResourceWarning: unclosed file <_io.BufferedReader name='C:\\Users\\Yimo\\AppData\\Local\\Temp\\aeh-g13-t-i68ar2es\\src\\order.py'>
  after = hashlib.sha256(open(prod, "rb").read()).hexdigest()
ResourceWarning: Enable tracemalloc to get the object allocation traceback
ok
test_test_plan_tamper_blocked_before_traceability (test_verify.TestVerify.test_test_plan_tamper_blocked_before_traceability) ... D:\AgentWorkspace\DSHW\adaptive-engineering-harness\tests\runtime\test_verify.py:120: ResourceWarning: unclosed file <_io.BufferedReader name='C:\\Users\\Yimo\\AppData\\Local\\Temp\\aeh-g13-t-_1p9qnui\\src\\order.py'>
  before = hashlib.sha256(open(prod, "rb").read()).hexdigest()
ResourceWarning: Enable tracemalloc to get the object allocation traceback
D:\AgentWorkspace\DSHW\adaptive-engineering-harness\tests\runtime\test_verify.py:123: ResourceWarning: unclosed file <_io.BufferedReader name='C:\\Users\\Yimo\\AppData\\Local\\Temp\\aeh-g13-t-_1p9qnui\\src\\order.py'>
  after = hashlib.sha256(open(prod, "rb").read()).hexdigest()
ResourceWarning: Enable tracemalloc to get the object allocation traceback
D:\AgentWorkspace\DSHW\adaptive-engineering-harness\tests\runtime\test_verify.py:406: ResourceWarning: unclosed file <_io.TextIOWrapper name='C:\\Users\\Yimo\\AppData\\Local\\Temp\\aeh-g13-t-_1p9qnui\\.aeh\\changes\\CHG-2026-0001\\test-plan.yaml' mode='r' encoding='utf-8'>
  plan = yaml.safe_load(open(plan_path, encoding="utf-8"))
ResourceWarning: Enable tracemalloc to get the object allocation traceback
ok
test_traceability_orphan_code_blocked (test_verify.TestVerify.test_traceability_orphan_code_blocked) ... D:\AgentWorkspace\DSHW\adaptive-engineering-harness\tests\runtime\test_verify.py:120: ResourceWarning: unclosed file <_io.BufferedReader name='C:\\Users\\Yimo\\AppData\\Local\\Temp\\aeh-g13-t-f3a6gqdy\\src\\order.py'>
  before = hashlib.sha256(open(prod, "rb").read()).hexdigest()
ResourceWarning: Enable tracemalloc to get the object allocation traceback
D:\AgentWorkspace\DSHW\adaptive-engineering-harness\tests\runtime\test_verify.py:123: ResourceWarning: unclosed file <_io.BufferedReader name='C:\\Users\\Yimo\\AppData\\Local\\Temp\\aeh-g13-t-f3a6gqdy\\src\\order.py'>
  after = hashlib.sha256(open(prod, "rb").read()).hexdigest()
ResourceWarning: Enable tracemalloc to get the object allocation traceback
ok
test_verify_critical_insufficient_plan (test_verify.TestVerify.test_verify_critical_insufficient_plan) ... ok
test_verify_critical_requires_merge_approval (test_verify.TestVerify.test_verify_critical_requires_merge_approval) ... D:\AgentWorkspace\DSHW\adaptive-engineering-harness\tests\runtime\test_verify.py:120: ResourceWarning: unclosed file <_io.BufferedReader name='C:\\Users\\Yimo\\AppData\\Local\\Temp\\aeh-g13-t-45upwfi_\\src\\reward.py'>
  before = hashlib.sha256(open(prod, "rb").read()).hexdigest()
ResourceWarning: Enable tracemalloc to get the object allocation traceback
D:\AgentWorkspace\DSHW\adaptive-engineering-harness\tests\runtime\test_verify.py:123: ResourceWarning: unclosed file <_io.BufferedReader name='C:\\Users\\Yimo\\AppData\\Local\\Temp\\aeh-g13-t-45upwfi_\\src\\reward.py'>
  after = hashlib.sha256(open(prod, "rb").read()).hexdigest()
ResourceWarning: Enable tracemalloc to get the object allocation traceback
ok
test_verify_critical_with_approval_ready (test_verify.TestVerify.test_verify_critical_with_approval_ready) ... D:\AgentWorkspace\DSHW\adaptive-engineering-harness\tests\runtime\test_verify.py:120: ResourceWarning: unclosed file <_io.BufferedReader name='C:\\Users\\Yimo\\AppData\\Local\\Temp\\aeh-g13-t-mvf4raaa\\src\\reward.py'>
  before = hashlib.sha256(open(prod, "rb").read()).hexdigest()
ResourceWarning: Enable tracemalloc to get the object allocation traceback
D:\AgentWorkspace\DSHW\adaptive-engineering-harness\tests\runtime\test_verify.py:123: ResourceWarning: unclosed file <_io.BufferedReader name='C:\\Users\\Yimo\\AppData\\Local\\Temp\\aeh-g13-t-mvf4raaa\\src\\reward.py'>
  after = hashlib.sha256(open(prod, "rb").read()).hexdigest()
ResourceWarning: Enable tracemalloc to get the object allocation traceback
ok
test_verify_idempotent (test_verify.TestVerify.test_verify_idempotent) ... D:\AgentWorkspace\DSHW\adaptive-engineering-harness\tests\runtime\test_verify.py:120: ResourceWarning: unclosed file <_io.BufferedReader name='C:\\Users\\Yimo\\AppData\\Local\\Temp\\aeh-g13-t-v7r02m0o\\src\\order.py'>
  before = hashlib.sha256(open(prod, "rb").read()).hexdigest()
ResourceWarning: Enable tracemalloc to get the object allocation traceback
D:\AgentWorkspace\DSHW\adaptive-engineering-harness\tests\runtime\test_verify.py:123: ResourceWarning: unclosed file <_io.BufferedReader name='C:\\Users\\Yimo\\AppData\\Local\\Temp\\aeh-g13-t-v7r02m0o\\src\\order.py'>
  after = hashlib.sha256(open(prod, "rb").read()).hexdigest()
ResourceWarning: Enable tracemalloc to get the object allocation traceback
ok
test_verify_lightweight_flow (test_verify.TestVerify.test_verify_lightweight_flow) ... D:\AgentWorkspace\DSHW\adaptive-engineering-harness\tests\runtime\test_verify.py:120: ResourceWarning: unclosed file <_io.BufferedReader name='C:\\Users\\Yimo\\AppData\\Local\\Temp\\aeh-g13-t-qwo1z570\\src\\order.py'>
  before = hashlib.sha256(open(prod, "rb").read()).hexdigest()
ResourceWarning: Enable tracemalloc to get the object allocation traceback
D:\AgentWorkspace\DSHW\adaptive-engineering-harness\tests\runtime\test_verify.py:123: ResourceWarning: unclosed file <_io.BufferedReader name='C:\\Users\\Yimo\\AppData\\Local\\Temp\\aeh-g13-t-qwo1z570\\src\\order.py'>
  after = hashlib.sha256(open(prod, "rb").read()).hexdigest()
ResourceWarning: Enable tracemalloc to get the object allocation traceback
ok
test_verify_regression_and_declared_entries (test_verify.TestVerify.test_verify_regression_and_declared_entries) ... D:\AgentWorkspace\DSHW\adaptive-engineering-harness\tests\runtime\test_verify.py:120: ResourceWarning: unclosed file <_io.BufferedReader name='C:\\Users\\Yimo\\AppData\\Local\\Temp\\aeh-g13-t-us6awwqd\\src\\order.py'>
  before = hashlib.sha256(open(prod, "rb").read()).hexdigest()
ResourceWarning: Enable tracemalloc to get the object allocation traceback
D:\AgentWorkspace\DSHW\adaptive-engineering-harness\tests\runtime\test_verify.py:123: ResourceWarning: unclosed file <_io.BufferedReader name='C:\\Users\\Yimo\\AppData\\Local\\Temp\\aeh-g13-t-us6awwqd\\src\\order.py'>
  after = hashlib.sha256(open(prod, "rb").read()).hexdigest()
ResourceWarning: Enable tracemalloc to get the object allocation traceback
D:\AgentWorkspace\DSHW\adaptive-engineering-harness\tests\runtime\test_verify.py:269: ResourceWarning: unclosed file <_io.TextIOWrapper name='C:\\Users\\Yimo\\AppData\\Local\\Temp\\aeh-g13-t-us6awwqd\\.aeh\\changes\\CHG-2026-0001\\verification.yaml' mode='r' encoding='utf-8'>
  ver = yaml.safe_load(open(os.path.join(target, ".aeh", "changes", cid, "verification.yaml"), encoding="utf-8"))
ResourceWarning: Enable tracemalloc to get the object allocation traceback
ok
test_verify_standard_flow (test_verify.TestVerify.test_verify_standard_flow) ... D:\AgentWorkspace\DSHW\adaptive-engineering-harness\tests\runtime\test_verify.py:120: ResourceWarning: unclosed file <_io.BufferedReader name='C:\\Users\\Yimo\\AppData\\Local\\Temp\\aeh-g13-t-sujutgbw\\src\\order.py'>
  before = hashlib.sha256(open(prod, "rb").read()).hexdigest()
ResourceWarning: Enable tracemalloc to get the object allocation traceback
D:\AgentWorkspace\DSHW\adaptive-engineering-harness\tests\runtime\test_verify.py:123: ResourceWarning: unclosed file <_io.BufferedReader name='C:\\Users\\Yimo\\AppData\\Local\\Temp\\aeh-g13-t-sujutgbw\\src\\order.py'>
  after = hashlib.sha256(open(prod, "rb").read()).hexdigest()
ResourceWarning: Enable tracemalloc to get the object allocation traceback
D:\AgentWorkspace\DSHW\adaptive-engineering-harness\tests\runtime\test_verify.py:168: ResourceWarning: unclosed file <_io.TextIOWrapper name='C:\\Users\\Yimo\\AppData\\Local\\Temp\\aeh-g13-t-sujutgbw\\.aeh\\changes\\CHG-2026-0001\\verification.yaml' mode='r' encoding='utf-8'>
  ver = yaml.safe_load(open(os.path.join(cdir, "verification.yaml"), encoding="utf-8"))
ResourceWarning: Enable tracemalloc to get the object allocation traceback
D:\AgentWorkspace\DSHW\adaptive-engineering-harness\tests\runtime\test_verify.py:173: ResourceWarning: unclosed file <_io.TextIOWrapper name='C:\\Users\\Yimo\\AppData\\Local\\Temp\\aeh-g13-t-sujutgbw\\.aeh\\changes\\CHG-2026-0001\\traceability.yaml' mode='r' encoding='utf-8'>
  tr = yaml.safe_load(open(os.path.join(cdir, "traceability.yaml"), encoding="utf-8"))
ResourceWarning: Enable tracemalloc to get the object allocation traceback
ok

----------------------------------------------------------------------
Ran 27 tests in 158.854s

OK
