
D:\AgentWorkspace\Ares\50_OPERATIONS\m6-2d-candidate3-evidence\tests\runtime\test_verify.py:118: ResourceWarning: unclosed file <_io.TextIOWrapper name='D:\\AgentWorkspace\\Ares\\50_OPERATIONS\\m6-2d-candidate3-evidence\\tests\\fixtures\\tdd-src\\reward_fixed.py' mode='r' encoding='utf-8'>
  fixed = open(os.path.join(TDD_SRC, "reward_fixed.py"), encoding="utf-8").read()
ResourceWarning: Enable tracemalloc to get the object allocation traceback
D:\AgentWorkspace\Ares\50_OPERATIONS\m6-2d-candidate3-evidence\tests\runtime\test_verify.py:120: ResourceWarning: unclosed file <_io.BufferedReader name='C:\\Users\\Yimo\\AppData\\Local\\Temp\\aeh-g13-t-m51vncgl\\src\\reward.py'>
  before = hashlib.sha256(open(prod, "rb").read()).hexdigest()
ResourceWarning: Enable tracemalloc to get the object allocation traceback
D:\AgentWorkspace\Ares\50_OPERATIONS\m6-2d-candidate3-evidence\tests\runtime\test_verify.py:123: ResourceWarning: unclosed file <_io.BufferedReader name='C:\\Users\\Yimo\\AppData\\Local\\Temp\\aeh-g13-t-m51vncgl\\src\\reward.py'>
  after = hashlib.sha256(open(prod, "rb").read()).hexdigest()
ResourceWarning: Enable tracemalloc to get the object allocation traceback
.D:\AgentWorkspace\Ares\50_OPERATIONS\m6-2d-candidate3-evidence\tests\runtime\test_verify.py:115: ResourceWarning: unclosed file <_io.TextIOWrapper name='D:\\AgentWorkspace\\Ares\\50_OPERATIONS\\m6-2d-candidate3-evidence\\tests\\fixtures\\tdd-neutral-src\\order_fixed.py' mode='r' encoding='utf-8'>
  fixed = open(os.path.join(NEUTRAL_SRC, "order_fixed.py"), encoding="utf-8").read()
ResourceWarning: Enable tracemalloc to get the object allocation traceback
D:\AgentWorkspace\Ares\50_OPERATIONS\m6-2d-candidate3-evidence\tests\runtime\test_verify.py:120: ResourceWarning: unclosed file <_io.BufferedReader name='C:\\Users\\Yimo\\AppData\\Local\\Temp\\aeh-ci-seed-tco8_q42\\src\\order.py'>
  before = hashlib.sha256(open(prod, "rb").read()).hexdigest()
ResourceWarning: Enable tracemalloc to get the object allocation traceback
D:\AgentWorkspace\Ares\50_OPERATIONS\m6-2d-candidate3-evidence\tests\runtime\test_verify.py:123: ResourceWarning: unclosed file <_io.BufferedReader name='C:\\Users\\Yimo\\AppData\\Local\\Temp\\aeh-ci-seed-tco8_q42\\src\\order.py'>
  after = hashlib.sha256(open(prod, "rb").read()).hexdigest()
ResourceWarning: Enable tracemalloc to get the object allocation traceback
.....
----------------------------------------------------------------------
Ran 6 tests in 27.509s

OK
